<?xml version="1.0" encoding="UTF-8"?>
<TestRun id="d4cf2cc8-6153-4b21-baaf-4f24ceb3442e" name="imran@IMRAN_430 2016-02-18 17:08:43" runUser="IMRAN_430\imran" xmlns="http://microsoft.com/schemas/VisualStudio/TeamTest/2010">
  <TestSettings name="Local" id="06aa672b-ecdb-4201-88bb-f623641cdac0">
    <Description>These are default test settings for a local test run.</Description>
    <Deployment enabled="false" runDeploymentRoot="imran_IMRAN_430 2016-02-18 17_08_43">
      <DeploymentItem filename="D:\aspose\swagger\swagger-codegen-2.0.17\aspose\csharp\tasks\bin\Debug\Aspose.Tasks-Cloud.exe" />
      <DeploymentItem filename="D:\aspose\swagger\swagger-codegen-2.0.17\aspose\csharp\tasks\packages\Newtonsoft.Json.8.0.2\lib\net20\Newtonsoft.Json.dll" />
      <DeploymentItem filename="D:\aspose\swagger\swagger-codegen-2.0.17\aspose\csharp\tasks\packages\LinqBridge.1.3.0\lib\net20\LinqBridge.dll" />
      <DeploymentItem filename="D:\aspose\swagger\swagger-codegen-2.0.17\aspose\csharp\tasks\packages\Aspose.Storage-Cloud.1.0.2\lib\net20\Aspose.Storage-Cloud.dll" />
    </Deployment>
    <Execution>
      <TestTypeSpecific />
      <AgentRule name="Execution Agents">
      </AgentRule>
    </Execution>
  </TestSettings>
  <Times creation="2016-02-18T17:08:43.6793281+05:00" queuing="2016-02-18T17:08:43.7288395+05:00" start="2016-02-18T17:08:43.7448484+05:00" finish="2016-02-18T17:12:47.1808333+05:00" />
  <ResultSummary outcome="Completed">
    <Counters total="51" executed="51" passed="51" error="0" failed="0" timeout="0" aborted="0" inconclusive="0" passedButRunAborted="0" notRunnable="0" notExecuted="0" disconnected="0" warning="0" completed="0" inProgress="0" pending="0" />
  </ResultSummary>
  <TestDefinitions>
    <UnitTest name="TestDeleteCalendarException" storage="d:\aspose\swagger\swagger-codegen-2.0.17\aspose\csharp\taskstest\bin\debug\taskstest.dll" id="5e8d6441-ea99-8647-6434-2cdfce4deb95">
      <Execution id="7ea29ba7-a1aa-42a7-8427-cfde4a724623" />
      <TestMethod codeBase="D:/aspose/swagger/swagger-codegen-2.0.17/aspose/csharp/TasksTest/bin/Debug/TasksTest.DLL" adapterTypeName="Microsoft.VisualStudio.TestTools.TestTypes.Unit.UnitTestAdapter, Microsoft.VisualStudio.QualityTools.Tips.UnitTest.Adapter, Version=10.0.0.0, Culture=neutral, PublicKeyToken=b03f5f7f11d50a3a" className="TasksTest.TestTasksApi, TasksTest, Version=1.0.0.0, Culture=neutral, PublicKeyToken=null" name="TestDeleteCalendarException" />
    </UnitTest>
    <UnitTest name="TestGetProjectWbsDefinition" storage="d:\aspose\swagger\swagger-codegen-2.0.17\aspose\csharp\taskstest\bin\debug\taskstest.dll" id="7e7f6f6e-f10b-6b2c-f69d-371ceb024a84">
      <Execution id="3777e6ef-8fc0-4020-862b-fa0a78c13f9f" />
      <TestMethod codeBase="D:/aspose/swagger/swagger-codegen-2.0.17/aspose/csharp/TasksTest/bin/Debug/TasksTest.DLL" adapterTypeName="Microsoft.VisualStudio.TestTools.TestTypes.Unit.UnitTestAdapter, Microsoft.VisualStudio.QualityTools.Tips.UnitTest.Adapter, Version=10.0.0.0, Culture=neutral, PublicKeyToken=b03f5f7f11d50a3a" className="TasksTest.TestTasksApi, TasksTest, Version=1.0.0.0, Culture=neutral, PublicKeyToken=null" name="TestGetProjectWbsDefinition" />
    </UnitTest>
    <UnitTest name="TestGetExtendedAttributes" storage="d:\aspose\swagger\swagger-codegen-2.0.17\aspose\csharp\taskstest\bin\debug\taskstest.dll" id="a9087dc2-0995-18b4-70d7-712fa8a8b4fc">
      <Execution id="168dfab2-cdd3-4229-96e8-a6f6e261e54d" />
      <TestMethod codeBase="D:/aspose/swagger/swagger-codegen-2.0.17/aspose/csharp/TasksTest/bin/Debug/TasksTest.DLL" adapterTypeName="Microsoft.VisualStudio.TestTools.TestTypes.Unit.UnitTestAdapter, Microsoft.VisualStudio.QualityTools.Tips.UnitTest.Adapter, Version=10.0.0.0, Culture=neutral, PublicKeyToken=b03f5f7f11d50a3a" className="TasksTest.TestTasksApi, TasksTest, Version=1.0.0.0, Culture=neutral, PublicKeyToken=null" name="TestGetExtendedAttributes" />
    </UnitTest>
    <UnitTest name="TestGetRiskAnalysisReport" storage="d:\aspose\swagger\swagger-codegen-2.0.17\aspose\csharp\taskstest\bin\debug\taskstest.dll" id="4b444b04-a176-4f7c-acb0-bae7f625cc44">
      <Execution id="db1eac7b-33e2-4d70-9397-4c942ce9da4d" />
      <TestMethod codeBase="D:/aspose/swagger/swagger-codegen-2.0.17/aspose/csharp/TasksTest/bin/Debug/TasksTest.DLL" adapterTypeName="Microsoft.VisualStudio.TestTools.TestTypes.Unit.UnitTestAdapter, Microsoft.VisualStudio.QualityTools.Tips.UnitTest.Adapter, Version=10.0.0.0, Culture=neutral, PublicKeyToken=b03f5f7f11d50a3a" className="TasksTest.TestTasksApi, TasksTest, Version=1.0.0.0, Culture=neutral, PublicKeyToken=null" name="TestGetRiskAnalysisReport" />
    </UnitTest>
    <UnitTest name="TestGetDocumentProperties" storage="d:\aspose\swagger\swagger-codegen-2.0.17\aspose\csharp\taskstest\bin\debug\taskstest.dll" id="c9acc799-ecd5-b90a-551b-4e06e875f6f4">
      <Execution id="f647786b-ef4d-47e3-aa8e-cbcff8d5a728" />
      <TestMethod codeBase="D:/aspose/swagger/swagger-codegen-2.0.17/aspose/csharp/TasksTest/bin/Debug/TasksTest.DLL" adapterTypeName="Microsoft.VisualStudio.TestTools.TestTypes.Unit.UnitTestAdapter, Microsoft.VisualStudio.QualityTools.Tips.UnitTest.Adapter, Version=10.0.0.0, Culture=neutral, PublicKeyToken=b03f5f7f11d50a3a" className="TasksTest.TestTasksApi, TasksTest, Version=1.0.0.0, Culture=neutral, PublicKeyToken=null" name="TestGetDocumentProperties" />
    </UnitTest>
    <UnitTest name="TestGetDocumentProperty" storage="d:\aspose\swagger\swagger-codegen-2.0.17\aspose\csharp\taskstest\bin\debug\taskstest.dll" id="201d4959-a5df-a3e5-23fa-72fdc5162e83">
      <Execution id="b1be3036-ddf8-42c1-abca-9432ff5c7b61" />
      <TestMethod codeBase="D:/aspose/swagger/swagger-codegen-2.0.17/aspose/csharp/TasksTest/bin/Debug/TasksTest.DLL" adapterTypeName="Microsoft.VisualStudio.TestTools.TestTypes.Unit.UnitTestAdapter, Microsoft.VisualStudio.QualityTools.Tips.UnitTest.Adapter, Version=10.0.0.0, Culture=neutral, PublicKeyToken=b03f5f7f11d50a3a" className="TasksTest.TestTasksApi, TasksTest, Version=1.0.0.0, Culture=neutral, PublicKeyToken=null" name="TestGetDocumentProperty" />
    </UnitTest>
    <UnitTest name="TestGetTaskDocumentWithFormat" storage="d:\aspose\swagger\swagger-codegen-2.0.17\aspose\csharp\taskstest\bin\debug\taskstest.dll" id="dd1bc063-939b-bf15-46b4-d89de2c0f4fc">
      <Execution id="199ed3f1-4a2a-4701-b637-e09b810d06cc" />
      <TestMethod codeBase="D:/aspose/swagger/swagger-codegen-2.0.17/aspose/csharp/TasksTest/bin/Debug/TasksTest.DLL" adapterTypeName="Microsoft.VisualStudio.TestTools.TestTypes.Unit.UnitTestAdapter, Microsoft.VisualStudio.QualityTools.Tips.UnitTest.Adapter, Version=10.0.0.0, Culture=neutral, PublicKeyToken=b03f5f7f11d50a3a" className="TasksTest.TestTasksApi, TasksTest, Version=1.0.0.0, Culture=neutral, PublicKeyToken=null" name="TestGetTaskDocumentWithFormat" />
    </UnitTest>
    <UnitTest name="TestDeleteProjectTask" storage="d:\aspose\swagger\swagger-codegen-2.0.17\aspose\csharp\taskstest\bin\debug\taskstest.dll" id="ca55cc63-e266-e770-6f66-7aa2e98585ad">
      <Execution id="5a2bd3f2-ccd0-4133-becc-6e77518f8525" />
      <TestMethod codeBase="D:/aspose/swagger/swagger-codegen-2.0.17/aspose/csharp/TasksTest/bin/Debug/TasksTest.DLL" adapterTypeName="Microsoft.VisualStudio.TestTools.TestTypes.Unit.UnitTestAdapter, Microsoft.VisualStudio.QualityTools.Tips.UnitTest.Adapter, Version=10.0.0.0, Culture=neutral, PublicKeyToken=b03f5f7f11d50a3a" className="TasksTest.TestTasksApi, TasksTest, Version=1.0.0.0, Culture=neutral, PublicKeyToken=null" name="TestDeleteProjectTask" />
    </UnitTest>
    <UnitTest name="TestGetProjectResources" storage="d:\aspose\swagger\swagger-codegen-2.0.17\aspose\csharp\taskstest\bin\debug\taskstest.dll" id="655a3c6b-a2dc-6847-0800-bf161f7ee1be">
      <Execution id="934adf74-b0ce-4ce7-819d-bd64c64cf267" />
      <TestMethod codeBase="D:/aspose/swagger/swagger-codegen-2.0.17/aspose/csharp/TasksTest/bin/Debug/TasksTest.DLL" adapterTypeName="Microsoft.VisualStudio.TestTools.TestTypes.Unit.UnitTestAdapter, Microsoft.VisualStudio.QualityTools.Tips.UnitTest.Adapter, Version=10.0.0.0, Culture=neutral, PublicKeyToken=b03f5f7f11d50a3a" className="TasksTest.TestTasksApi, TasksTest, Version=1.0.0.0, Culture=neutral, PublicKeyToken=null" name="TestGetProjectResources" />
    </UnitTest>
    <UnitTest name="TestPutTaskLink" storage="d:\aspose\swagger\swagger-codegen-2.0.17\aspose\csharp\taskstest\bin\debug\taskstest.dll" id="9a17fdbd-3437-39ac-72fb-073b1824a558">
      <Execution id="18136710-d979-4ace-8f2b-9adcedd38d26" />
      <TestMethod codeBase="D:/aspose/swagger/swagger-codegen-2.0.17/aspose/csharp/TasksTest/bin/Debug/TasksTest.DLL" adapterTypeName="Microsoft.VisualStudio.TestTools.TestTypes.Unit.UnitTestAdapter, Microsoft.VisualStudio.QualityTools.Tips.UnitTest.Adapter, Version=10.0.0.0, Culture=neutral, PublicKeyToken=b03f5f7f11d50a3a" className="TasksTest.TestTasksApi, TasksTest, Version=1.0.0.0, Culture=neutral, PublicKeyToken=null" name="TestPutTaskLink" />
    </UnitTest>
    <UnitTest name="TestPostProjectCalendar" storage="d:\aspose\swagger\swagger-codegen-2.0.17\aspose\csharp\taskstest\bin\debug\taskstest.dll" id="6058902e-ec94-994d-ff97-560a3d5631ff">
      <Execution id="4385e3ba-688f-48de-8f00-a55295560be2" />
      <TestMethod codeBase="D:/aspose/swagger/swagger-codegen-2.0.17/aspose/csharp/TasksTest/bin/Debug/TasksTest.DLL" adapterTypeName="Microsoft.VisualStudio.TestTools.TestTypes.Unit.UnitTestAdapter, Microsoft.VisualStudio.QualityTools.Tips.UnitTest.Adapter, Version=10.0.0.0, Culture=neutral, PublicKeyToken=b03f5f7f11d50a3a" className="TasksTest.TestTasksApi, TasksTest, Version=1.0.0.0, Culture=neutral, PublicKeyToken=null" name="TestPostProjectCalendar" />
    </UnitTest>
    <UnitTest name="TestGetTaskDocument" storage="d:\aspose\swagger\swagger-codegen-2.0.17\aspose\csharp\taskstest\bin\debug\taskstest.dll" id="f5f2dd5a-3482-de21-3b6a-f66f5988a505">
      <Execution id="d9910ecd-fb24-4ace-a338-ef720d45f5f5" />
      <TestMethod codeBase="D:/aspose/swagger/swagger-codegen-2.0.17/aspose/csharp/TasksTest/bin/Debug/TasksTest.DLL" adapterTypeName="Microsoft.VisualStudio.TestTools.TestTypes.Unit.UnitTestAdapter, Microsoft.VisualStudio.QualityTools.Tips.UnitTest.Adapter, Version=10.0.0.0, Culture=neutral, PublicKeyToken=b03f5f7f11d50a3a" className="TasksTest.TestTasksApi, TasksTest, Version=1.0.0.0, Culture=neutral, PublicKeyToken=null" name="TestGetTaskDocument" />
    </UnitTest>
    <UnitTest name="TestDeleteProjectResource" storage="d:\aspose\swagger\swagger-codegen-2.0.17\aspose\csharp\taskstest\bin\debug\taskstest.dll" id="45b0cbd8-7150-df08-7883-e42d6cd4a2e7">
      <Execution id="f141875b-c962-4a5f-8e92-aeb30e4c24b7" />
      <TestMethod codeBase="D:/aspose/swagger/swagger-codegen-2.0.17/aspose/csharp/TasksTest/bin/Debug/TasksTest.DLL" adapterTypeName="Microsoft.VisualStudio.TestTools.TestTypes.Unit.UnitTestAdapter, Microsoft.VisualStudio.QualityTools.Tips.UnitTest.Adapter, Version=10.0.0.0, Culture=neutral, PublicKeyToken=b03f5f7f11d50a3a" className="TasksTest.TestTasksApi, TasksTest, Version=1.0.0.0, Culture=neutral, PublicKeyToken=null" name="TestDeleteProjectResource" />
    </UnitTest>
    <UnitTest name="TestPostProjectResource" storage="d:\aspose\swagger\swagger-codegen-2.0.17\aspose\csharp\taskstest\bin\debug\taskstest.dll" id="c179adb3-7d2a-a926-2786-4cd2b67bc4ee">
      <Execution id="402abb44-bdad-44e7-be49-76efea116229" />
      <TestMethod codeBase="D:/aspose/swagger/swagger-codegen-2.0.17/aspose/csharp/TasksTest/bin/Debug/TasksTest.DLL" adapterTypeName="Microsoft.VisualStudio.TestTools.TestTypes.Unit.UnitTestAdapter, Microsoft.VisualStudio.QualityTools.Tips.UnitTest.Adapter, Version=10.0.0.0, Culture=neutral, PublicKeyToken=b03f5f7f11d50a3a" className="TasksTest.TestTasksApi, TasksTest, Version=1.0.0.0, Culture=neutral, PublicKeyToken=null" name="TestPostProjectResource" />
    </UnitTest>
    <UnitTest name="TestGetProjectCalendars" storage="d:\aspose\swagger\swagger-codegen-2.0.17\aspose\csharp\taskstest\bin\debug\taskstest.dll" id="6c985809-4a24-78e1-4a61-efffb1040fa2">
      <Execution id="71b92def-ccfe-4980-86ee-7d951f670ffe" />
      <TestMethod codeBase="D:/aspose/swagger/swagger-codegen-2.0.17/aspose/csharp/TasksTest/bin/Debug/TasksTest.DLL" adapterTypeName="Microsoft.VisualStudio.TestTools.TestTypes.Unit.UnitTestAdapter, Microsoft.VisualStudio.QualityTools.Tips.UnitTest.Adapter, Version=10.0.0.0, Culture=neutral, PublicKeyToken=b03f5f7f11d50a3a" className="TasksTest.TestTasksApi, TasksTest, Version=1.0.0.0, Culture=neutral, PublicKeyToken=null" name="TestGetProjectCalendars" />
    </UnitTest>
    <UnitTest name="TestGetProjectAssignment" storage="d:\aspose\swagger\swagger-codegen-2.0.17\aspose\csharp\taskstest\bin\debug\taskstest.dll" id="6c8a59a8-2ffe-e8c8-a3ec-7bbb6d4ea7b9">
      <Execution id="d90bae06-5659-4ccf-aa23-7a30b3ccb5e9" />
      <TestMethod codeBase="D:/aspose/swagger/swagger-codegen-2.0.17/aspose/csharp/TasksTest/bin/Debug/TasksTest.DLL" adapterTypeName="Microsoft.VisualStudio.TestTools.TestTypes.Unit.UnitTestAdapter, Microsoft.VisualStudio.QualityTools.Tips.UnitTest.Adapter, Version=10.0.0.0, Culture=neutral, PublicKeyToken=b03f5f7f11d50a3a" className="TasksTest.TestTasksApi, TasksTest, Version=1.0.0.0, Culture=neutral, PublicKeyToken=null" name="TestGetProjectAssignment" />
    </UnitTest>
    <UnitTest name="TestPostProjectAssignment" storage="d:\aspose\swagger\swagger-codegen-2.0.17\aspose\csharp\taskstest\bin\debug\taskstest.dll" id="abc8fa00-1521-5e6c-ffd8-1312b4ab860b">
      <Execution id="aba338e0-9bb0-4237-9587-ba825a0ede96" />
      <TestMethod codeBase="D:/aspose/swagger/swagger-codegen-2.0.17/aspose/csharp/TasksTest/bin/Debug/TasksTest.DLL" adapterTypeName="Microsoft.VisualStudio.TestTools.TestTypes.Unit.UnitTestAdapter, Microsoft.VisualStudio.QualityTools.Tips.UnitTest.Adapter, Version=10.0.0.0, Culture=neutral, PublicKeyToken=b03f5f7f11d50a3a" className="TasksTest.TestTasksApi, TasksTest, Version=1.0.0.0, Culture=neutral, PublicKeyToken=null" name="TestPostProjectAssignment" />
    </UnitTest>
    <UnitTest name="TestGetProjectResource" storage="d:\aspose\swagger\swagger-codegen-2.0.17\aspose\csharp\taskstest\bin\debug\taskstest.dll" id="52f4c365-a4f1-4cb5-c09a-0202fdc31000">
      <Execution id="c2c8363f-20c1-4d87-8658-870f800ec24c" />
      <TestMethod codeBase="D:/aspose/swagger/swagger-codegen-2.0.17/aspose/csharp/TasksTest/bin/Debug/TasksTest.DLL" adapterTypeName="Microsoft.VisualStudio.TestTools.TestTypes.Unit.UnitTestAdapter, Microsoft.VisualStudio.QualityTools.Tips.UnitTest.Adapter, Version=10.0.0.0, Culture=neutral, PublicKeyToken=b03f5f7f11d50a3a" className="TasksTest.TestTasksApi, TasksTest, Version=1.0.0.0, Culture=neutral, PublicKeyToken=null" name="TestGetProjectResource" />
    </UnitTest>
    <UnitTest name="TestGetOutlineCodes" storage="d:\aspose\swagger\swagger-codegen-2.0.17\aspose\csharp\taskstest\bin\debug\taskstest.dll" id="26b08786-691c-4a01-ac35-d7a3236e043f">
      <Execution id="99678669-3157-4073-9295-63c0b8bd92f8" />
      <TestMethod codeBase="D:/aspose/swagger/swagger-codegen-2.0.17/aspose/csharp/TasksTest/bin/Debug/TasksTest.DLL" adapterTypeName="Microsoft.VisualStudio.TestTools.TestTypes.Unit.UnitTestAdapter, Microsoft.VisualStudio.QualityTools.Tips.UnitTest.Adapter, Version=10.0.0.0, Culture=neutral, PublicKeyToken=b03f5f7f11d50a3a" className="TasksTest.TestTasksApi, TasksTest, Version=1.0.0.0, Culture=neutral, PublicKeyToken=null" name="TestGetOutlineCodes" />
    </UnitTest>
    <UnitTest name="TestPutCalendarException" storage="d:\aspose\swagger\swagger-codegen-2.0.17\aspose\csharp\taskstest\bin\debug\taskstest.dll" id="4dbd842a-c49e-4cf6-1697-fbdfda2a37c8">
      <Execution id="e8bf6428-3534-49e1-8c43-3da4759a0884" />
      <TestMethod codeBase="D:/aspose/swagger/swagger-codegen-2.0.17/aspose/csharp/TasksTest/bin/Debug/TasksTest.DLL" adapterTypeName="Microsoft.VisualStudio.TestTools.TestTypes.Unit.UnitTestAdapter, Microsoft.VisualStudio.QualityTools.Tips.UnitTest.Adapter, Version=10.0.0.0, Culture=neutral, PublicKeyToken=b03f5f7f11d50a3a" className="TasksTest.TestTasksApi, TasksTest, Version=1.0.0.0, Culture=neutral, PublicKeyToken=null" name="TestPutCalendarException" />
    </UnitTest>
    <UnitTest name="TestGetProjectTasks" storage="d:\aspose\swagger\swagger-codegen-2.0.17\aspose\csharp\taskstest\bin\debug\taskstest.dll" id="17cbb7bc-1558-ac02-4cef-e556d773f25c">
      <Execution id="baec72e1-823d-4809-8535-ba7a680b872b" />
      <TestMethod codeBase="D:/aspose/swagger/swagger-codegen-2.0.17/aspose/csharp/TasksTest/bin/Debug/TasksTest.DLL" adapterTypeName="Microsoft.VisualStudio.TestTools.TestTypes.Unit.UnitTestAdapter, Microsoft.VisualStudio.QualityTools.Tips.UnitTest.Adapter, Version=10.0.0.0, Culture=neutral, PublicKeyToken=b03f5f7f11d50a3a" className="TasksTest.TestTasksApi, TasksTest, Version=1.0.0.0, Culture=neutral, PublicKeyToken=null" name="TestGetProjectTasks" />
    </UnitTest>
    <UnitTest name="TestDeleteExtendedAttributeByIndex" storage="d:\aspose\swagger\swagger-codegen-2.0.17\aspose\csharp\taskstest\bin\debug\taskstest.dll" id="a23622b7-95d6-9429-ba13-3f75ab9157f5">
      <Execution id="ea95c03f-0113-4f50-8b18-fc9ed71fc6a1" />
      <TestMethod codeBase="D:/aspose/swagger/swagger-codegen-2.0.17/aspose/csharp/TasksTest/bin/Debug/TasksTest.DLL" adapterTypeName="Microsoft.VisualStudio.TestTools.TestTypes.Unit.UnitTestAdapter, Microsoft.VisualStudio.QualityTools.Tips.UnitTest.Adapter, Version=10.0.0.0, Culture=neutral, PublicKeyToken=b03f5f7f11d50a3a" className="TasksTest.TestTasksApi, TasksTest, Version=1.0.0.0, Culture=neutral, PublicKeyToken=null" name="TestDeleteExtendedAttributeByIndex" />
    </UnitTest>
    <UnitTest name="TestGetProjectCalendar" storage="d:\aspose\swagger\swagger-codegen-2.0.17\aspose\csharp\taskstest\bin\debug\taskstest.dll" id="2003ea5e-d9d2-1489-0839-1f0fa68a7dc0">
      <Execution id="d464c9b5-847a-4987-98fb-9c765355ea46" />
      <TestMethod codeBase="D:/aspose/swagger/swagger-codegen-2.0.17/aspose/csharp/TasksTest/bin/Debug/TasksTest.DLL" adapterTypeName="Microsoft.VisualStudio.TestTools.TestTypes.Unit.UnitTestAdapter, Microsoft.VisualStudio.QualityTools.Tips.UnitTest.Adapter, Version=10.0.0.0, Culture=neutral, PublicKeyToken=b03f5f7f11d50a3a" className="TasksTest.TestTasksApi, TasksTest, Version=1.0.0.0, Culture=neutral, PublicKeyToken=null" name="TestGetProjectCalendar" />
    </UnitTest>
    <UnitTest name="TestDeleteProjectCalendar" storage="d:\aspose\swagger\swagger-codegen-2.0.17\aspose\csharp\taskstest\bin\debug\taskstest.dll" id="bf5343c4-94dc-1fe3-3327-62f399716eee">
      <Execution id="156a2998-d315-4991-b7ed-7acd31a001ff" />
      <TestMethod codeBase="D:/aspose/swagger/swagger-codegen-2.0.17/aspose/csharp/TasksTest/bin/Debug/TasksTest.DLL" adapterTypeName="Microsoft.VisualStudio.TestTools.TestTypes.Unit.UnitTestAdapter, Microsoft.VisualStudio.QualityTools.Tips.UnitTest.Adapter, Version=10.0.0.0, Culture=neutral, PublicKeyToken=b03f5f7f11d50a3a" className="TasksTest.TestTasksApi, TasksTest, Version=1.0.0.0, Culture=neutral, PublicKeyToken=null" name="TestDeleteProjectCalendar" />
    </UnitTest>
    <UnitTest name="TestDeleteTaskLink" storage="d:\aspose\swagger\swagger-codegen-2.0.17\aspose\csharp\taskstest\bin\debug\taskstest.dll" id="039edad1-3c93-bfa9-b78b-c99d801acdc1">
      <Execution id="81b43396-2a7c-4c47-ad91-b90c46866908" />
      <TestMethod codeBase="D:/aspose/swagger/swagger-codegen-2.0.17/aspose/csharp/TasksTest/bin/Debug/TasksTest.DLL" adapterTypeName="Microsoft.VisualStudio.TestTools.TestTypes.Unit.UnitTestAdapter, Microsoft.VisualStudio.QualityTools.Tips.UnitTest.Adapter, Version=10.0.0.0, Culture=neutral, PublicKeyToken=b03f5f7f11d50a3a" className="TasksTest.TestTasksApi, TasksTest, Version=1.0.0.0, Culture=neutral, PublicKeyToken=null" name="TestDeleteTaskLink" />
    </UnitTest>
    <UnitTest name="TestPostDocumentProperty" storage="d:\aspose\swagger\swagger-codegen-2.0.17\aspose\csharp\taskstest\bin\debug\taskstest.dll" id="3ed393a9-737b-e198-6e89-008058901b74">
      <Execution id="651b367b-bfc1-44a1-bc41-153025376203" />
      <TestMethod codeBase="D:/aspose/swagger/swagger-codegen-2.0.17/aspose/csharp/TasksTest/bin/Debug/TasksTest.DLL" adapterTypeName="Microsoft.VisualStudio.TestTools.TestTypes.Unit.UnitTestAdapter, Microsoft.VisualStudio.QualityTools.Tips.UnitTest.Adapter, Version=10.0.0.0, Culture=neutral, PublicKeyToken=b03f5f7f11d50a3a" className="TasksTest.TestTasksApi, TasksTest, Version=1.0.0.0, Culture=neutral, PublicKeyToken=null" name="TestPostDocumentProperty" />
    </UnitTest>
    <UnitTest name="TestDeleteOutlineCodeByIndex" storage="d:\aspose\swagger\swagger-codegen-2.0.17\aspose\csharp\taskstest\bin\debug\taskstest.dll" id="0140c217-602c-404b-f720-f37c083b07f0">
      <Execution id="a793209f-aa59-4127-8caf-b145b70a7c5e" />
      <TestMethod codeBase="D:/aspose/swagger/swagger-codegen-2.0.17/aspose/csharp/TasksTest/bin/Debug/TasksTest.DLL" adapterTypeName="Microsoft.VisualStudio.TestTools.TestTypes.Unit.UnitTestAdapter, Microsoft.VisualStudio.QualityTools.Tips.UnitTest.Adapter, Version=10.0.0.0, Culture=neutral, PublicKeyToken=b03f5f7f11d50a3a" className="TasksTest.TestTasksApi, TasksTest, Version=1.0.0.0, Culture=neutral, PublicKeyToken=null" name="TestDeleteOutlineCodeByIndex" />
    </UnitTest>
    <UnitTest name="TestPostCalendarExceptions" storage="d:\aspose\swagger\swagger-codegen-2.0.17\aspose\csharp\taskstest\bin\debug\taskstest.dll" id="01af0169-0dae-a48a-8d48-4a15ecd0efc1">
      <Execution id="b1974500-6e4e-4ac4-a6c6-05fa881710f6" />
      <TestMethod codeBase="D:/aspose/swagger/swagger-codegen-2.0.17/aspose/csharp/TasksTest/bin/Debug/TasksTest.DLL" adapterTypeName="Microsoft.VisualStudio.TestTools.TestTypes.Unit.UnitTestAdapter, Microsoft.VisualStudio.QualityTools.Tips.UnitTest.Adapter, Version=10.0.0.0, Culture=neutral, PublicKeyToken=b03f5f7f11d50a3a" className="TasksTest.TestTasksApi, TasksTest, Version=1.0.0.0, Culture=neutral, PublicKeyToken=null" name="TestPostCalendarExceptions" />
    </UnitTest>
    <UnitTest name="TestDeleteProjectAssignment" storage="d:\aspose\swagger\swagger-codegen-2.0.17\aspose\csharp\taskstest\bin\debug\taskstest.dll" id="62dabbc7-c145-7759-5ce0-b0ce779ea20b">
      <Execution id="7c367a31-7449-483c-9637-7709bd2a630e" />
      <TestMethod codeBase="D:/aspose/swagger/swagger-codegen-2.0.17/aspose/csharp/TasksTest/bin/Debug/TasksTest.DLL" adapterTypeName="Microsoft.VisualStudio.TestTools.TestTypes.Unit.UnitTestAdapter, Microsoft.VisualStudio.QualityTools.Tips.UnitTest.Adapter, Version=10.0.0.0, Culture=neutral, PublicKeyToken=b03f5f7f11d50a3a" className="TasksTest.TestTasksApi, TasksTest, Version=1.0.0.0, Culture=neutral, PublicKeyToken=null" name="TestDeleteProjectAssignment" />
    </UnitTest>
    <UnitTest name="TestPutMoveTask" storage="d:\aspose\swagger\swagger-codegen-2.0.17\aspose\csharp\taskstest\bin\debug\taskstest.dll" id="365d6d6c-2b6f-7061-af72-a310480d0f7d">
      <Execution id="92f37ffc-e223-47cc-b2e2-477d37624d28" />
      <TestMethod codeBase="D:/aspose/swagger/swagger-codegen-2.0.17/aspose/csharp/TasksTest/bin/Debug/TasksTest.DLL" adapterTypeName="Microsoft.VisualStudio.TestTools.TestTypes.Unit.UnitTestAdapter, Microsoft.VisualStudio.QualityTools.Tips.UnitTest.Adapter, Version=10.0.0.0, Culture=neutral, PublicKeyToken=b03f5f7f11d50a3a" className="TasksTest.TestTasksApi, TasksTest, Version=1.0.0.0, Culture=neutral, PublicKeyToken=null" name="TestPutMoveTask" />
    </UnitTest>
    <UnitTest name="TestPutProjectTask" storage="d:\aspose\swagger\swagger-codegen-2.0.17\aspose\csharp\taskstest\bin\debug\taskstest.dll" id="1f08514c-c69a-0a6b-be71-d5c104bd10f1">
      <Execution id="166137f7-63bf-4465-80e3-a670fbfbaf72" />
      <TestMethod codeBase="D:/aspose/swagger/swagger-codegen-2.0.17/aspose/csharp/TasksTest/bin/Debug/TasksTest.DLL" adapterTypeName="Microsoft.VisualStudio.TestTools.TestTypes.Unit.UnitTestAdapter, Microsoft.VisualStudio.QualityTools.Tips.UnitTest.Adapter, Version=10.0.0.0, Culture=neutral, PublicKeyToken=b03f5f7f11d50a3a" className="TasksTest.TestTasksApi, TasksTest, Version=1.0.0.0, Culture=neutral, PublicKeyToken=null" name="TestPutProjectTask" />
    </UnitTest>
    <UnitTest name="TestPutDocumentProperty" storage="d:\aspose\swagger\swagger-codegen-2.0.17\aspose\csharp\taskstest\bin\debug\taskstest.dll" id="2404b8f7-f9cd-08be-f683-9c0435abf41f">
      <Execution id="307b100f-25f2-475b-9f15-8ba3909c24c2" />
      <TestMethod codeBase="D:/aspose/swagger/swagger-codegen-2.0.17/aspose/csharp/TasksTest/bin/Debug/TasksTest.DLL" adapterTypeName="Microsoft.VisualStudio.TestTools.TestTypes.Unit.UnitTestAdapter, Microsoft.VisualStudio.QualityTools.Tips.UnitTest.Adapter, Version=10.0.0.0, Culture=neutral, PublicKeyToken=b03f5f7f11d50a3a" className="TasksTest.TestTasksApi, TasksTest, Version=1.0.0.0, Culture=neutral, PublicKeyToken=null" name="TestPutDocumentProperty" />
    </UnitTest>
    <UnitTest name="TestPutProjectAssignment" storage="d:\aspose\swagger\swagger-codegen-2.0.17\aspose\csharp\taskstest\bin\debug\taskstest.dll" id="52cc6419-bbf8-3be9-2d42-e8019eb3f149">
      <Execution id="5d6a1b3b-f384-4303-9678-12f4a70937fa" />
      <TestMethod codeBase="D:/aspose/swagger/swagger-codegen-2.0.17/aspose/csharp/TasksTest/bin/Debug/TasksTest.DLL" adapterTypeName="Microsoft.VisualStudio.TestTools.TestTypes.Unit.UnitTestAdapter, Microsoft.VisualStudio.QualityTools.Tips.UnitTest.Adapter, Version=10.0.0.0, Culture=neutral, PublicKeyToken=b03f5f7f11d50a3a" className="TasksTest.TestTasksApi, TasksTest, Version=1.0.0.0, Culture=neutral, PublicKeyToken=null" name="TestPutProjectAssignment" />
    </UnitTest>
    <UnitTest name="TestPostTaskLink" storage="d:\aspose\swagger\swagger-codegen-2.0.17\aspose\csharp\taskstest\bin\debug\taskstest.dll" id="411e9f38-35a8-21d9-3e78-3bc5449143ab">
      <Execution id="a5284792-b9ad-4396-a44f-cd5619e1e4c2" />
      <TestMethod codeBase="D:/aspose/swagger/swagger-codegen-2.0.17/aspose/csharp/TasksTest/bin/Debug/TasksTest.DLL" adapterTypeName="Microsoft.VisualStudio.TestTools.TestTypes.Unit.UnitTestAdapter, Microsoft.VisualStudio.QualityTools.Tips.UnitTest.Adapter, Version=10.0.0.0, Culture=neutral, PublicKeyToken=b03f5f7f11d50a3a" className="TasksTest.TestTasksApi, TasksTest, Version=1.0.0.0, Culture=neutral, PublicKeyToken=null" name="TestPostTaskLink" />
    </UnitTest>
    <UnitTest name="TestGetProjectTask" storage="d:\aspose\swagger\swagger-codegen-2.0.17\aspose\csharp\taskstest\bin\debug\taskstest.dll" id="fd1a00b0-0239-b155-a15c-4acde973db8b">
      <Execution id="c8992dea-c200-4e79-9eca-391d089eea12" />
      <TestMethod codeBase="D:/aspose/swagger/swagger-codegen-2.0.17/aspose/csharp/TasksTest/bin/Debug/TasksTest.DLL" adapterTypeName="Microsoft.VisualStudio.TestTools.TestTypes.Unit.UnitTestAdapter, Microsoft.VisualStudio.QualityTools.Tips.UnitTest.Adapter, Version=10.0.0.0, Culture=neutral, PublicKeyToken=b03f5f7f11d50a3a" className="TasksTest.TestTasksApi, TasksTest, Version=1.0.0.0, Culture=neutral, PublicKeyToken=null" name="TestGetProjectTask" />
    </UnitTest>
    <UnitTest name="TestGetResourceAssignments" storage="d:\aspose\swagger\swagger-codegen-2.0.17\aspose\csharp\taskstest\bin\debug\taskstest.dll" id="d76b4a2f-bef5-bfc9-2de5-797168c16b5e">
      <Execution id="d04185cf-9bae-40e4-b84e-ba8cd2618a17" />
      <TestMethod codeBase="D:/aspose/swagger/swagger-codegen-2.0.17/aspose/csharp/TasksTest/bin/Debug/TasksTest.DLL" adapterTypeName="Microsoft.VisualStudio.TestTools.TestTypes.Unit.UnitTestAdapter, Microsoft.VisualStudio.QualityTools.Tips.UnitTest.Adapter, Version=10.0.0.0, Culture=neutral, PublicKeyToken=b03f5f7f11d50a3a" className="TasksTest.TestTasksApi, TasksTest, Version=1.0.0.0, Culture=neutral, PublicKeyToken=null" name="TestGetResourceAssignments" />
    </UnitTest>
    <UnitTest name="TestGetReportPdf" storage="d:\aspose\swagger\swagger-codegen-2.0.17\aspose\csharp\taskstest\bin\debug\taskstest.dll" id="0b4b46f6-273c-e14f-0369-fda3c17aca30">
      <Execution id="54540762-d374-4cbd-ba3a-d30e6dfa8771" />
      <TestMethod codeBase="D:/aspose/swagger/swagger-codegen-2.0.17/aspose/csharp/TasksTest/bin/Debug/TasksTest.DLL" adapterTypeName="Microsoft.VisualStudio.TestTools.TestTypes.Unit.UnitTestAdapter, Microsoft.VisualStudio.QualityTools.Tips.UnitTest.Adapter, Version=10.0.0.0, Culture=neutral, PublicKeyToken=b03f5f7f11d50a3a" className="TasksTest.TestTasksApi, TasksTest, Version=1.0.0.0, Culture=neutral, PublicKeyToken=null" name="TestGetReportPdf" />
    </UnitTest>
    <UnitTest name="TestGetExtendedAttributeByIndex" storage="d:\aspose\swagger\swagger-codegen-2.0.17\aspose\csharp\taskstest\bin\debug\taskstest.dll" id="5d3bc691-726e-a1ff-9d5f-2ef5f29aa64a">
      <Execution id="a3d47286-98c0-444d-b38a-3f930db470b5" />
      <TestMethod codeBase="D:/aspose/swagger/swagger-codegen-2.0.17/aspose/csharp/TasksTest/bin/Debug/TasksTest.DLL" adapterTypeName="Microsoft.VisualStudio.TestTools.TestTypes.Unit.UnitTestAdapter, Microsoft.VisualStudio.QualityTools.Tips.UnitTest.Adapter, Version=10.0.0.0, Culture=neutral, PublicKeyToken=b03f5f7f11d50a3a" className="TasksTest.TestTasksApi, TasksTest, Version=1.0.0.0, Culture=neutral, PublicKeyToken=null" name="TestGetExtendedAttributeByIndex" />
    </UnitTest>
    <UnitTest name="TestPutRecalculateProject" storage="d:\aspose\swagger\swagger-codegen-2.0.17\aspose\csharp\taskstest\bin\debug\taskstest.dll" id="10e6c355-3dc0-f4bd-f7e2-34f7a88f039c">
      <Execution id="58c79af7-4893-4d0b-be5e-8efb675337f0" />
      <TestMethod codeBase="D:/aspose/swagger/swagger-codegen-2.0.17/aspose/csharp/TasksTest/bin/Debug/TasksTest.DLL" adapterTypeName="Microsoft.VisualStudio.TestTools.TestTypes.Unit.UnitTestAdapter, Microsoft.VisualStudio.QualityTools.Tips.UnitTest.Adapter, Version=10.0.0.0, Culture=neutral, PublicKeyToken=b03f5f7f11d50a3a" className="TasksTest.TestTasksApi, TasksTest, Version=1.0.0.0, Culture=neutral, PublicKeyToken=null" name="TestPutRecalculateProject" />
    </UnitTest>
    <UnitTest name="TestGetOutlineCodeByIndex" storage="d:\aspose\swagger\swagger-codegen-2.0.17\aspose\csharp\taskstest\bin\debug\taskstest.dll" id="dd0d4818-0761-66e2-d6b8-f02821f04dba">
      <Execution id="fbd2541b-d5ce-4bae-a7c1-6e64eedc49af" />
      <TestMethod codeBase="D:/aspose/swagger/swagger-codegen-2.0.17/aspose/csharp/TasksTest/bin/Debug/TasksTest.DLL" adapterTypeName="Microsoft.VisualStudio.TestTools.TestTypes.Unit.UnitTestAdapter, Microsoft.VisualStudio.QualityTools.Tips.UnitTest.Adapter, Version=10.0.0.0, Culture=neutral, PublicKeyToken=b03f5f7f11d50a3a" className="TasksTest.TestTasksApi, TasksTest, Version=1.0.0.0, Culture=neutral, PublicKeyToken=null" name="TestGetOutlineCodeByIndex" />
    </UnitTest>
    <UnitTest name="TestGetCriticalPath" storage="d:\aspose\swagger\swagger-codegen-2.0.17\aspose\csharp\taskstest\bin\debug\taskstest.dll" id="e49f3b78-efd4-6f23-5072-88363128f704">
      <Execution id="e7ed4268-7e0d-4801-88bc-3e607e5fd566" />
      <TestMethod codeBase="D:/aspose/swagger/swagger-codegen-2.0.17/aspose/csharp/TasksTest/bin/Debug/TasksTest.DLL" adapterTypeName="Microsoft.VisualStudio.TestTools.TestTypes.Unit.UnitTestAdapter, Microsoft.VisualStudio.QualityTools.Tips.UnitTest.Adapter, Version=10.0.0.0, Culture=neutral, PublicKeyToken=b03f5f7f11d50a3a" className="TasksTest.TestTasksApi, TasksTest, Version=1.0.0.0, Culture=neutral, PublicKeyToken=null" name="TestGetCriticalPath" />
    </UnitTest>
    <UnitTest name="TestGetProjectAssignments" storage="d:\aspose\swagger\swagger-codegen-2.0.17\aspose\csharp\taskstest\bin\debug\taskstest.dll" id="f3718897-d8be-32b0-d4f3-b4f5574ef150">
      <Execution id="4c098d13-9c58-425f-8919-cc2f355e73bc" />
      <TestMethod codeBase="D:/aspose/swagger/swagger-codegen-2.0.17/aspose/csharp/TasksTest/bin/Debug/TasksTest.DLL" adapterTypeName="Microsoft.VisualStudio.TestTools.TestTypes.Unit.UnitTestAdapter, Microsoft.VisualStudio.QualityTools.Tips.UnitTest.Adapter, Version=10.0.0.0, Culture=neutral, PublicKeyToken=b03f5f7f11d50a3a" className="TasksTest.TestTasksApi, TasksTest, Version=1.0.0.0, Culture=neutral, PublicKeyToken=null" name="TestGetProjectAssignments" />
    </UnitTest>
    <UnitTest name="TestGetTaskAssignments" storage="d:\aspose\swagger\swagger-codegen-2.0.17\aspose\csharp\taskstest\bin\debug\taskstest.dll" id="e38fcfd1-6dd6-2aa1-4be2-9084d599cb7a">
      <Execution id="3705def9-289c-463d-b2c9-9fcb0d2b90cf" />
      <TestMethod codeBase="D:/aspose/swagger/swagger-codegen-2.0.17/aspose/csharp/TasksTest/bin/Debug/TasksTest.DLL" adapterTypeName="Microsoft.VisualStudio.TestTools.TestTypes.Unit.UnitTestAdapter, Microsoft.VisualStudio.QualityTools.Tips.UnitTest.Adapter, Version=10.0.0.0, Culture=neutral, PublicKeyToken=b03f5f7f11d50a3a" className="TasksTest.TestTasksApi, TasksTest, Version=1.0.0.0, Culture=neutral, PublicKeyToken=null" name="TestGetTaskAssignments" />
    </UnitTest>
    <UnitTest name="TestGetTaskLinks" storage="d:\aspose\swagger\swagger-codegen-2.0.17\aspose\csharp\taskstest\bin\debug\taskstest.dll" id="747b005f-92df-0491-2170-7c7f97af650f">
      <Execution id="1fdba401-52cf-4575-a1d1-95ba9287d8a4" />
      <TestMethod codeBase="D:/aspose/swagger/swagger-codegen-2.0.17/aspose/csharp/TasksTest/bin/Debug/TasksTest.DLL" adapterTypeName="Microsoft.VisualStudio.TestTools.TestTypes.Unit.UnitTestAdapter, Microsoft.VisualStudio.QualityTools.Tips.UnitTest.Adapter, Version=10.0.0.0, Culture=neutral, PublicKeyToken=b03f5f7f11d50a3a" className="TasksTest.TestTasksApi, TasksTest, Version=1.0.0.0, Culture=neutral, PublicKeyToken=null" name="TestGetTaskLinks" />
    </UnitTest>
    <UnitTest name="TestGetTaskRecurringInfo" storage="d:\aspose\swagger\swagger-codegen-2.0.17\aspose\csharp\taskstest\bin\debug\taskstest.dll" id="7fa7562c-6eaf-c139-263b-f4cdac6a7a6e">
      <Execution id="10a5f496-5b89-4519-8d5e-a57b164590f0" />
      <TestMethod codeBase="D:/aspose/swagger/swagger-codegen-2.0.17/aspose/csharp/TasksTest/bin/Debug/TasksTest.DLL" adapterTypeName="Microsoft.VisualStudio.TestTools.TestTypes.Unit.UnitTestAdapter, Microsoft.VisualStudio.QualityTools.Tips.UnitTest.Adapter, Version=10.0.0.0, Culture=neutral, PublicKeyToken=b03f5f7f11d50a3a" className="TasksTest.TestTasksApi, TasksTest, Version=1.0.0.0, Culture=neutral, PublicKeyToken=null" name="TestGetTaskRecurringInfo" />
    </UnitTest>
    <UnitTest name="TestPutRecalculateProjectUncompleteWorkToStartAfter" storage="d:\aspose\swagger\swagger-codegen-2.0.17\aspose\csharp\taskstest\bin\debug\taskstest.dll" id="fccb71ec-e717-51f0-8631-bc892a87c54e">
      <Execution id="27797663-4813-47d1-8d00-b7a95914692c" />
      <TestMethod codeBase="D:/aspose/swagger/swagger-codegen-2.0.17/aspose/csharp/TasksTest/bin/Debug/TasksTest.DLL" adapterTypeName="Microsoft.VisualStudio.TestTools.TestTypes.Unit.UnitTestAdapter, Microsoft.VisualStudio.QualityTools.Tips.UnitTest.Adapter, Version=10.0.0.0, Culture=neutral, PublicKeyToken=b03f5f7f11d50a3a" className="TasksTest.TestTasksApi, TasksTest, Version=1.0.0.0, Culture=neutral, PublicKeyToken=null" name="TestPutRecalculateProjectUncompleteWorkToStartAfter" />
    </UnitTest>
    <UnitTest name="TestPutRecalculateProjectResourceFields" storage="d:\aspose\swagger\swagger-codegen-2.0.17\aspose\csharp\taskstest\bin\debug\taskstest.dll" id="3c374e44-fe36-a8b4-17c3-ca189927f050">
      <Execution id="02a7d836-1566-4841-8261-31d39c6d0d3b" />
      <TestMethod codeBase="D:/aspose/swagger/swagger-codegen-2.0.17/aspose/csharp/TasksTest/bin/Debug/TasksTest.DLL" adapterTypeName="Microsoft.VisualStudio.TestTools.TestTypes.Unit.UnitTestAdapter, Microsoft.VisualStudio.QualityTools.Tips.UnitTest.Adapter, Version=10.0.0.0, Culture=neutral, PublicKeyToken=b03f5f7f11d50a3a" className="TasksTest.TestTasksApi, TasksTest, Version=1.0.0.0, Culture=neutral, PublicKeyToken=null" name="TestPutRecalculateProjectResourceFields" />
    </UnitTest>
    <UnitTest name="TestPutProjectResource" storage="d:\aspose\swagger\swagger-codegen-2.0.17\aspose\csharp\taskstest\bin\debug\taskstest.dll" id="02453862-b617-da08-c51f-30987490b512">
      <Execution id="13814374-3af9-46d6-bdac-4873e74b8dfe" />
      <TestMethod codeBase="D:/aspose/swagger/swagger-codegen-2.0.17/aspose/csharp/TasksTest/bin/Debug/TasksTest.DLL" adapterTypeName="Microsoft.VisualStudio.TestTools.TestTypes.Unit.UnitTestAdapter, Microsoft.VisualStudio.QualityTools.Tips.UnitTest.Adapter, Version=10.0.0.0, Culture=neutral, PublicKeyToken=b03f5f7f11d50a3a" className="TasksTest.TestTasksApi, TasksTest, Version=1.0.0.0, Culture=neutral, PublicKeyToken=null" name="TestPutProjectResource" />
    </UnitTest>
    <UnitTest name="TestPutRecalculateProjectWorkAsComplete" storage="d:\aspose\swagger\swagger-codegen-2.0.17\aspose\csharp\taskstest\bin\debug\taskstest.dll" id="ab87a938-3931-f95a-5874-58fca97bb672">
      <Execution id="ccc53ae2-b6b1-49cc-8710-522cc0f66642" />
      <TestMethod codeBase="D:/aspose/swagger/swagger-codegen-2.0.17/aspose/csharp/TasksTest/bin/Debug/TasksTest.DLL" adapterTypeName="Microsoft.VisualStudio.TestTools.TestTypes.Unit.UnitTestAdapter, Microsoft.VisualStudio.QualityTools.Tips.UnitTest.Adapter, Version=10.0.0.0, Culture=neutral, PublicKeyToken=b03f5f7f11d50a3a" className="TasksTest.TestTasksApi, TasksTest, Version=1.0.0.0, Culture=neutral, PublicKeyToken=null" name="TestPutRecalculateProjectWorkAsComplete" />
    </UnitTest>
    <UnitTest name="TestGetCalendarExceptions" storage="d:\aspose\swagger\swagger-codegen-2.0.17\aspose\csharp\taskstest\bin\debug\taskstest.dll" id="2aff4414-9426-866f-7505-e1f90565ae3a">
      <Execution id="d7e3150d-525f-4794-8e6a-e44fd7193b5f" />
      <TestMethod codeBase="D:/aspose/swagger/swagger-codegen-2.0.17/aspose/csharp/TasksTest/bin/Debug/TasksTest.DLL" adapterTypeName="Microsoft.VisualStudio.TestTools.TestTypes.Unit.UnitTestAdapter, Microsoft.VisualStudio.QualityTools.Tips.UnitTest.Adapter, Version=10.0.0.0, Culture=neutral, PublicKeyToken=b03f5f7f11d50a3a" className="TasksTest.TestTasksApi, TasksTest, Version=1.0.0.0, Culture=neutral, PublicKeyToken=null" name="TestGetCalendarExceptions" />
    </UnitTest>
    <UnitTest name="TestPostProjectTask" storage="d:\aspose\swagger\swagger-codegen-2.0.17\aspose\csharp\taskstest\bin\debug\taskstest.dll" id="d871f05a-6f6e-84ff-69fa-59498f18d26e">
      <Execution id="d516e0dd-28ca-4f7b-b869-c4b1a2094fab" />
      <TestMethod codeBase="D:/aspose/swagger/swagger-codegen-2.0.17/aspose/csharp/TasksTest/bin/Debug/TasksTest.DLL" adapterTypeName="Microsoft.VisualStudio.TestTools.TestTypes.Unit.UnitTestAdapter, Microsoft.VisualStudio.QualityTools.Tips.UnitTest.Adapter, Version=10.0.0.0, Culture=neutral, PublicKeyToken=b03f5f7f11d50a3a" className="TasksTest.TestTasksApi, TasksTest, Version=1.0.0.0, Culture=neutral, PublicKeyToken=null" name="TestPostProjectTask" />
    </UnitTest>
  </TestDefinitions>
  <TestLists>
    <TestList name="DELETE" id="4b578a99-7c04-45cd-bbe5-8b22fa91976d" parentListId="8c43106b-9dc1-4907-a29f-aa66a61bf5b6">
      <TestLinks>
        <TestLink id="5e8d6441-ea99-8647-6434-2cdfce4deb95" name="TestDeleteCalendarException" storage="d:\aspose\swagger\swagger-codegen-2.0.17\aspose\csharp\taskstest\bin\debug\taskstest.dll" type="Microsoft.VisualStudio.TestTools.TestTypes.Unit.UnitTestElement, Microsoft.VisualStudio.QualityTools.Tips.UnitTest.ObjectModel, Version=10.0.0.0, Culture=neutral, PublicKeyToken=b03f5f7f11d50a3a" />
        <TestLink id="039edad1-3c93-bfa9-b78b-c99d801acdc1" name="TestDeleteTaskLink" storage="d:\aspose\swagger\swagger-codegen-2.0.17\aspose\csharp\taskstest\bin\debug\taskstest.dll" type="Microsoft.VisualStudio.TestTools.TestTypes.Unit.UnitTestElement, Microsoft.VisualStudio.QualityTools.Tips.UnitTest.ObjectModel, Version=10.0.0.0, Culture=neutral, PublicKeyToken=b03f5f7f11d50a3a" />
        <TestLink id="62dabbc7-c145-7759-5ce0-b0ce779ea20b" name="TestDeleteProjectAssignment" storage="d:\aspose\swagger\swagger-codegen-2.0.17\aspose\csharp\taskstest\bin\debug\taskstest.dll" type="Microsoft.VisualStudio.TestTools.TestTypes.Unit.UnitTestElement, Microsoft.VisualStudio.QualityTools.Tips.UnitTest.ObjectModel, Version=10.0.0.0, Culture=neutral, PublicKeyToken=b03f5f7f11d50a3a" />
        <TestLink id="45b0cbd8-7150-df08-7883-e42d6cd4a2e7" name="TestDeleteProjectResource" storage="d:\aspose\swagger\swagger-codegen-2.0.17\aspose\csharp\taskstest\bin\debug\taskstest.dll" type="Microsoft.VisualStudio.TestTools.TestTypes.Unit.UnitTestElement, Microsoft.VisualStudio.QualityTools.Tips.UnitTest.ObjectModel, Version=10.0.0.0, Culture=neutral, PublicKeyToken=b03f5f7f11d50a3a" />
        <TestLink id="a23622b7-95d6-9429-ba13-3f75ab9157f5" name="TestDeleteExtendedAttributeByIndex" storage="d:\aspose\swagger\swagger-codegen-2.0.17\aspose\csharp\taskstest\bin\debug\taskstest.dll" type="Microsoft.VisualStudio.TestTools.TestTypes.Unit.UnitTestElement, Microsoft.VisualStudio.QualityTools.Tips.UnitTest.ObjectModel, Version=10.0.0.0, Culture=neutral, PublicKeyToken=b03f5f7f11d50a3a" />
        <TestLink id="bf5343c4-94dc-1fe3-3327-62f399716eee" name="TestDeleteProjectCalendar" storage="d:\aspose\swagger\swagger-codegen-2.0.17\aspose\csharp\taskstest\bin\debug\taskstest.dll" type="Microsoft.VisualStudio.TestTools.TestTypes.Unit.UnitTestElement, Microsoft.VisualStudio.QualityTools.Tips.UnitTest.ObjectModel, Version=10.0.0.0, Culture=neutral, PublicKeyToken=b03f5f7f11d50a3a" />
        <TestLink id="0140c217-602c-404b-f720-f37c083b07f0" name="TestDeleteOutlineCodeByIndex" storage="d:\aspose\swagger\swagger-codegen-2.0.17\aspose\csharp\taskstest\bin\debug\taskstest.dll" type="Microsoft.VisualStudio.TestTools.TestTypes.Unit.UnitTestElement, Microsoft.VisualStudio.QualityTools.Tips.UnitTest.ObjectModel, Version=10.0.0.0, Culture=neutral, PublicKeyToken=b03f5f7f11d50a3a" />
        <TestLink id="ca55cc63-e266-e770-6f66-7aa2e98585ad" name="TestDeleteProjectTask" storage="d:\aspose\swagger\swagger-codegen-2.0.17\aspose\csharp\taskstest\bin\debug\taskstest.dll" type="Microsoft.VisualStudio.TestTools.TestTypes.Unit.UnitTestElement, Microsoft.VisualStudio.QualityTools.Tips.UnitTest.ObjectModel, Version=10.0.0.0, Culture=neutral, PublicKeyToken=b03f5f7f11d50a3a" />
      </TestLinks>
    </TestList>
    <TestList name="PUT" id="97e48c0f-bcea-4156-8837-04cf9cd419b8" parentListId="8c43106b-9dc1-4907-a29f-aa66a61bf5b6">
      <TestLinks>
        <TestLink id="fccb71ec-e717-51f0-8631-bc892a87c54e" name="TestPutRecalculateProjectUncompleteWorkToStartAfter" storage="d:\aspose\swagger\swagger-codegen-2.0.17\aspose\csharp\taskstest\bin\debug\taskstest.dll" type="Microsoft.VisualStudio.TestTools.TestTypes.Unit.UnitTestElement, Microsoft.VisualStudio.QualityTools.Tips.UnitTest.ObjectModel, Version=10.0.0.0, Culture=neutral, PublicKeyToken=b03f5f7f11d50a3a" />
        <TestLink id="365d6d6c-2b6f-7061-af72-a310480d0f7d" name="TestPutMoveTask" storage="d:\aspose\swagger\swagger-codegen-2.0.17\aspose\csharp\taskstest\bin\debug\taskstest.dll" type="Microsoft.VisualStudio.TestTools.TestTypes.Unit.UnitTestElement, Microsoft.VisualStudio.QualityTools.Tips.UnitTest.ObjectModel, Version=10.0.0.0, Culture=neutral, PublicKeyToken=b03f5f7f11d50a3a" />
        <TestLink id="10e6c355-3dc0-f4bd-f7e2-34f7a88f039c" name="TestPutRecalculateProject" storage="d:\aspose\swagger\swagger-codegen-2.0.17\aspose\csharp\taskstest\bin\debug\taskstest.dll" type="Microsoft.VisualStudio.TestTools.TestTypes.Unit.UnitTestElement, Microsoft.VisualStudio.QualityTools.Tips.UnitTest.ObjectModel, Version=10.0.0.0, Culture=neutral, PublicKeyToken=b03f5f7f11d50a3a" />
        <TestLink id="ab87a938-3931-f95a-5874-58fca97bb672" name="TestPutRecalculateProjectWorkAsComplete" storage="d:\aspose\swagger\swagger-codegen-2.0.17\aspose\csharp\taskstest\bin\debug\taskstest.dll" type="Microsoft.VisualStudio.TestTools.TestTypes.Unit.UnitTestElement, Microsoft.VisualStudio.QualityTools.Tips.UnitTest.ObjectModel, Version=10.0.0.0, Culture=neutral, PublicKeyToken=b03f5f7f11d50a3a" />
        <TestLink id="52cc6419-bbf8-3be9-2d42-e8019eb3f149" name="TestPutProjectAssignment" storage="d:\aspose\swagger\swagger-codegen-2.0.17\aspose\csharp\taskstest\bin\debug\taskstest.dll" type="Microsoft.VisualStudio.TestTools.TestTypes.Unit.UnitTestElement, Microsoft.VisualStudio.QualityTools.Tips.UnitTest.ObjectModel, Version=10.0.0.0, Culture=neutral, PublicKeyToken=b03f5f7f11d50a3a" />
        <TestLink id="3c374e44-fe36-a8b4-17c3-ca189927f050" name="TestPutRecalculateProjectResourceFields" storage="d:\aspose\swagger\swagger-codegen-2.0.17\aspose\csharp\taskstest\bin\debug\taskstest.dll" type="Microsoft.VisualStudio.TestTools.TestTypes.Unit.UnitTestElement, Microsoft.VisualStudio.QualityTools.Tips.UnitTest.ObjectModel, Version=10.0.0.0, Culture=neutral, PublicKeyToken=b03f5f7f11d50a3a" />
        <TestLink id="02453862-b617-da08-c51f-30987490b512" name="TestPutProjectResource" storage="d:\aspose\swagger\swagger-codegen-2.0.17\aspose\csharp\taskstest\bin\debug\taskstest.dll" type="Microsoft.VisualStudio.TestTools.TestTypes.Unit.UnitTestElement, Microsoft.VisualStudio.QualityTools.Tips.UnitTest.ObjectModel, Version=10.0.0.0, Culture=neutral, PublicKeyToken=b03f5f7f11d50a3a" />
        <TestLink id="1f08514c-c69a-0a6b-be71-d5c104bd10f1" name="TestPutProjectTask" storage="d:\aspose\swagger\swagger-codegen-2.0.17\aspose\csharp\taskstest\bin\debug\taskstest.dll" type="Microsoft.VisualStudio.TestTools.TestTypes.Unit.UnitTestElement, Microsoft.VisualStudio.QualityTools.Tips.UnitTest.ObjectModel, Version=10.0.0.0, Culture=neutral, PublicKeyToken=b03f5f7f11d50a3a" />
        <TestLink id="9a17fdbd-3437-39ac-72fb-073b1824a558" name="TestPutTaskLink" storage="d:\aspose\swagger\swagger-codegen-2.0.17\aspose\csharp\taskstest\bin\debug\taskstest.dll" type="Microsoft.VisualStudio.TestTools.TestTypes.Unit.UnitTestElement, Microsoft.VisualStudio.QualityTools.Tips.UnitTest.ObjectModel, Version=10.0.0.0, Culture=neutral, PublicKeyToken=b03f5f7f11d50a3a" />
        <TestLink id="2404b8f7-f9cd-08be-f683-9c0435abf41f" name="TestPutDocumentProperty" storage="d:\aspose\swagger\swagger-codegen-2.0.17\aspose\csharp\taskstest\bin\debug\taskstest.dll" type="Microsoft.VisualStudio.TestTools.TestTypes.Unit.UnitTestElement, Microsoft.VisualStudio.QualityTools.Tips.UnitTest.ObjectModel, Version=10.0.0.0, Culture=neutral, PublicKeyToken=b03f5f7f11d50a3a" />
        <TestLink id="4dbd842a-c49e-4cf6-1697-fbdfda2a37c8" name="TestPutCalendarException" storage="d:\aspose\swagger\swagger-codegen-2.0.17\aspose\csharp\taskstest\bin\debug\taskstest.dll" type="Microsoft.VisualStudio.TestTools.TestTypes.Unit.UnitTestElement, Microsoft.VisualStudio.QualityTools.Tips.UnitTest.ObjectModel, Version=10.0.0.0, Culture=neutral, PublicKeyToken=b03f5f7f11d50a3a" />
      </TestLinks>
    </TestList>
    <TestList name="GET" id="7d7a5b77-3197-4fbd-bce0-d274b520a012" parentListId="8c43106b-9dc1-4907-a29f-aa66a61bf5b6">
      <TestLinks>
        <TestLink id="f3718897-d8be-32b0-d4f3-b4f5574ef150" name="TestGetProjectAssignments" storage="d:\aspose\swagger\swagger-codegen-2.0.17\aspose\csharp\taskstest\bin\debug\taskstest.dll" type="Microsoft.VisualStudio.TestTools.TestTypes.Unit.UnitTestElement, Microsoft.VisualStudio.QualityTools.Tips.UnitTest.ObjectModel, Version=10.0.0.0, Culture=neutral, PublicKeyToken=b03f5f7f11d50a3a" />
        <TestLink id="c9acc799-ecd5-b90a-551b-4e06e875f6f4" name="TestGetDocumentProperties" storage="d:\aspose\swagger\swagger-codegen-2.0.17\aspose\csharp\taskstest\bin\debug\taskstest.dll" type="Microsoft.VisualStudio.TestTools.TestTypes.Unit.UnitTestElement, Microsoft.VisualStudio.QualityTools.Tips.UnitTest.ObjectModel, Version=10.0.0.0, Culture=neutral, PublicKeyToken=b03f5f7f11d50a3a" />
        <TestLink id="6c8a59a8-2ffe-e8c8-a3ec-7bbb6d4ea7b9" name="TestGetProjectAssignment" storage="d:\aspose\swagger\swagger-codegen-2.0.17\aspose\csharp\taskstest\bin\debug\taskstest.dll" type="Microsoft.VisualStudio.TestTools.TestTypes.Unit.UnitTestElement, Microsoft.VisualStudio.QualityTools.Tips.UnitTest.ObjectModel, Version=10.0.0.0, Culture=neutral, PublicKeyToken=b03f5f7f11d50a3a" />
        <TestLink id="e49f3b78-efd4-6f23-5072-88363128f704" name="TestGetCriticalPath" storage="d:\aspose\swagger\swagger-codegen-2.0.17\aspose\csharp\taskstest\bin\debug\taskstest.dll" type="Microsoft.VisualStudio.TestTools.TestTypes.Unit.UnitTestElement, Microsoft.VisualStudio.QualityTools.Tips.UnitTest.ObjectModel, Version=10.0.0.0, Culture=neutral, PublicKeyToken=b03f5f7f11d50a3a" />
        <TestLink id="fd1a00b0-0239-b155-a15c-4acde973db8b" name="TestGetProjectTask" storage="d:\aspose\swagger\swagger-codegen-2.0.17\aspose\csharp\taskstest\bin\debug\taskstest.dll" type="Microsoft.VisualStudio.TestTools.TestTypes.Unit.UnitTestElement, Microsoft.VisualStudio.QualityTools.Tips.UnitTest.ObjectModel, Version=10.0.0.0, Culture=neutral, PublicKeyToken=b03f5f7f11d50a3a" />
        <TestLink id="26b08786-691c-4a01-ac35-d7a3236e043f" name="TestGetOutlineCodes" storage="d:\aspose\swagger\swagger-codegen-2.0.17\aspose\csharp\taskstest\bin\debug\taskstest.dll" type="Microsoft.VisualStudio.TestTools.TestTypes.Unit.UnitTestElement, Microsoft.VisualStudio.QualityTools.Tips.UnitTest.ObjectModel, Version=10.0.0.0, Culture=neutral, PublicKeyToken=b03f5f7f11d50a3a" />
        <TestLink id="dd0d4818-0761-66e2-d6b8-f02821f04dba" name="TestGetOutlineCodeByIndex" storage="d:\aspose\swagger\swagger-codegen-2.0.17\aspose\csharp\taskstest\bin\debug\taskstest.dll" type="Microsoft.VisualStudio.TestTools.TestTypes.Unit.UnitTestElement, Microsoft.VisualStudio.QualityTools.Tips.UnitTest.ObjectModel, Version=10.0.0.0, Culture=neutral, PublicKeyToken=b03f5f7f11d50a3a" />
        <TestLink id="52f4c365-a4f1-4cb5-c09a-0202fdc31000" name="TestGetProjectResource" storage="d:\aspose\swagger\swagger-codegen-2.0.17\aspose\csharp\taskstest\bin\debug\taskstest.dll" type="Microsoft.VisualStudio.TestTools.TestTypes.Unit.UnitTestElement, Microsoft.VisualStudio.QualityTools.Tips.UnitTest.ObjectModel, Version=10.0.0.0, Culture=neutral, PublicKeyToken=b03f5f7f11d50a3a" />
        <TestLink id="5d3bc691-726e-a1ff-9d5f-2ef5f29aa64a" name="TestGetExtendedAttributeByIndex" storage="d:\aspose\swagger\swagger-codegen-2.0.17\aspose\csharp\taskstest\bin\debug\taskstest.dll" type="Microsoft.VisualStudio.TestTools.TestTypes.Unit.UnitTestElement, Microsoft.VisualStudio.QualityTools.Tips.UnitTest.ObjectModel, Version=10.0.0.0, Culture=neutral, PublicKeyToken=b03f5f7f11d50a3a" />
        <TestLink id="dd1bc063-939b-bf15-46b4-d89de2c0f4fc" name="TestGetTaskDocumentWithFormat" storage="d:\aspose\swagger\swagger-codegen-2.0.17\aspose\csharp\taskstest\bin\debug\taskstest.dll" type="Microsoft.VisualStudio.TestTools.TestTypes.Unit.UnitTestElement, Microsoft.VisualStudio.QualityTools.Tips.UnitTest.ObjectModel, Version=10.0.0.0, Culture=neutral, PublicKeyToken=b03f5f7f11d50a3a" />
        <TestLink id="2aff4414-9426-866f-7505-e1f90565ae3a" name="TestGetCalendarExceptions" storage="d:\aspose\swagger\swagger-codegen-2.0.17\aspose\csharp\taskstest\bin\debug\taskstest.dll" type="Microsoft.VisualStudio.TestTools.TestTypes.Unit.UnitTestElement, Microsoft.VisualStudio.QualityTools.Tips.UnitTest.ObjectModel, Version=10.0.0.0, Culture=neutral, PublicKeyToken=b03f5f7f11d50a3a" />
        <TestLink id="e38fcfd1-6dd6-2aa1-4be2-9084d599cb7a" name="TestGetTaskAssignments" storage="d:\aspose\swagger\swagger-codegen-2.0.17\aspose\csharp\taskstest\bin\debug\taskstest.dll" type="Microsoft.VisualStudio.TestTools.TestTypes.Unit.UnitTestElement, Microsoft.VisualStudio.QualityTools.Tips.UnitTest.ObjectModel, Version=10.0.0.0, Culture=neutral, PublicKeyToken=b03f5f7f11d50a3a" />
        <TestLink id="2003ea5e-d9d2-1489-0839-1f0fa68a7dc0" name="TestGetProjectCalendar" storage="d:\aspose\swagger\swagger-codegen-2.0.17\aspose\csharp\taskstest\bin\debug\taskstest.dll" type="Microsoft.VisualStudio.TestTools.TestTypes.Unit.UnitTestElement, Microsoft.VisualStudio.QualityTools.Tips.UnitTest.ObjectModel, Version=10.0.0.0, Culture=neutral, PublicKeyToken=b03f5f7f11d50a3a" />
        <TestLink id="7e7f6f6e-f10b-6b2c-f69d-371ceb024a84" name="TestGetProjectWbsDefinition" storage="d:\aspose\swagger\swagger-codegen-2.0.17\aspose\csharp\taskstest\bin\debug\taskstest.dll" type="Microsoft.VisualStudio.TestTools.TestTypes.Unit.UnitTestElement, Microsoft.VisualStudio.QualityTools.Tips.UnitTest.ObjectModel, Version=10.0.0.0, Culture=neutral, PublicKeyToken=b03f5f7f11d50a3a" />
        <TestLink id="7fa7562c-6eaf-c139-263b-f4cdac6a7a6e" name="TestGetTaskRecurringInfo" storage="d:\aspose\swagger\swagger-codegen-2.0.17\aspose\csharp\taskstest\bin\debug\taskstest.dll" type="Microsoft.VisualStudio.TestTools.TestTypes.Unit.UnitTestElement, Microsoft.VisualStudio.QualityTools.Tips.UnitTest.ObjectModel, Version=10.0.0.0, Culture=neutral, PublicKeyToken=b03f5f7f11d50a3a" />
        <TestLink id="747b005f-92df-0491-2170-7c7f97af650f" name="TestGetTaskLinks" storage="d:\aspose\swagger\swagger-codegen-2.0.17\aspose\csharp\taskstest\bin\debug\taskstest.dll" type="Microsoft.VisualStudio.TestTools.TestTypes.Unit.UnitTestElement, Microsoft.VisualStudio.QualityTools.Tips.UnitTest.ObjectModel, Version=10.0.0.0, Culture=neutral, PublicKeyToken=b03f5f7f11d50a3a" />
        <TestLink id="f5f2dd5a-3482-de21-3b6a-f66f5988a505" name="TestGetTaskDocument" storage="d:\aspose\swagger\swagger-codegen-2.0.17\aspose\csharp\taskstest\bin\debug\taskstest.dll" type="Microsoft.VisualStudio.TestTools.TestTypes.Unit.UnitTestElement, Microsoft.VisualStudio.QualityTools.Tips.UnitTest.ObjectModel, Version=10.0.0.0, Culture=neutral, PublicKeyToken=b03f5f7f11d50a3a" />
        <TestLink id="a9087dc2-0995-18b4-70d7-712fa8a8b4fc" name="TestGetExtendedAttributes" storage="d:\aspose\swagger\swagger-codegen-2.0.17\aspose\csharp\taskstest\bin\debug\taskstest.dll" type="Microsoft.VisualStudio.TestTools.TestTypes.Unit.UnitTestElement, Microsoft.VisualStudio.QualityTools.Tips.UnitTest.ObjectModel, Version=10.0.0.0, Culture=neutral, PublicKeyToken=b03f5f7f11d50a3a" />
        <TestLink id="d76b4a2f-bef5-bfc9-2de5-797168c16b5e" name="TestGetResourceAssignments" storage="d:\aspose\swagger\swagger-codegen-2.0.17\aspose\csharp\taskstest\bin\debug\taskstest.dll" type="Microsoft.VisualStudio.TestTools.TestTypes.Unit.UnitTestElement, Microsoft.VisualStudio.QualityTools.Tips.UnitTest.ObjectModel, Version=10.0.0.0, Culture=neutral, PublicKeyToken=b03f5f7f11d50a3a" />
        <TestLink id="201d4959-a5df-a3e5-23fa-72fdc5162e83" name="TestGetDocumentProperty" storage="d:\aspose\swagger\swagger-codegen-2.0.17\aspose\csharp\taskstest\bin\debug\taskstest.dll" type="Microsoft.VisualStudio.TestTools.TestTypes.Unit.UnitTestElement, Microsoft.VisualStudio.QualityTools.Tips.UnitTest.ObjectModel, Version=10.0.0.0, Culture=neutral, PublicKeyToken=b03f5f7f11d50a3a" />
        <TestLink id="655a3c6b-a2dc-6847-0800-bf161f7ee1be" name="TestGetProjectResources" storage="d:\aspose\swagger\swagger-codegen-2.0.17\aspose\csharp\taskstest\bin\debug\taskstest.dll" type="Microsoft.VisualStudio.TestTools.TestTypes.Unit.UnitTestElement, Microsoft.VisualStudio.QualityTools.Tips.UnitTest.ObjectModel, Version=10.0.0.0, Culture=neutral, PublicKeyToken=b03f5f7f11d50a3a" />
        <TestLink id="4b444b04-a176-4f7c-acb0-bae7f625cc44" name="TestGetRiskAnalysisReport" storage="d:\aspose\swagger\swagger-codegen-2.0.17\aspose\csharp\taskstest\bin\debug\taskstest.dll" type="Microsoft.VisualStudio.TestTools.TestTypes.Unit.UnitTestElement, Microsoft.VisualStudio.QualityTools.Tips.UnitTest.ObjectModel, Version=10.0.0.0, Culture=neutral, PublicKeyToken=b03f5f7f11d50a3a" />
        <TestLink id="6c985809-4a24-78e1-4a61-efffb1040fa2" name="TestGetProjectCalendars" storage="d:\aspose\swagger\swagger-codegen-2.0.17\aspose\csharp\taskstest\bin\debug\taskstest.dll" type="Microsoft.VisualStudio.TestTools.TestTypes.Unit.UnitTestElement, Microsoft.VisualStudio.QualityTools.Tips.UnitTest.ObjectModel, Version=10.0.0.0, Culture=neutral, PublicKeyToken=b03f5f7f11d50a3a" />
        <TestLink id="17cbb7bc-1558-ac02-4cef-e556d773f25c" name="TestGetProjectTasks" storage="d:\aspose\swagger\swagger-codegen-2.0.17\aspose\csharp\taskstest\bin\debug\taskstest.dll" type="Microsoft.VisualStudio.TestTools.TestTypes.Unit.UnitTestElement, Microsoft.VisualStudio.QualityTools.Tips.UnitTest.ObjectModel, Version=10.0.0.0, Culture=neutral, PublicKeyToken=b03f5f7f11d50a3a" />
        <TestLink id="0b4b46f6-273c-e14f-0369-fda3c17aca30" name="TestGetReportPdf" storage="d:\aspose\swagger\swagger-codegen-2.0.17\aspose\csharp\taskstest\bin\debug\taskstest.dll" type="Microsoft.VisualStudio.TestTools.TestTypes.Unit.UnitTestElement, Microsoft.VisualStudio.QualityTools.Tips.UnitTest.ObjectModel, Version=10.0.0.0, Culture=neutral, PublicKeyToken=b03f5f7f11d50a3a" />
      </TestLinks>
    </TestList>
    <TestList name="All Loaded Results" id="19431567-8539-422a-85d7-44ee4e166bda" />
    <TestList name="POST" id="1a66bbc8-0f4a-40aa-ab44-2d02ee3c4f9a" parentListId="8c43106b-9dc1-4907-a29f-aa66a61bf5b6">
      <TestLinks>
        <TestLink id="411e9f38-35a8-21d9-3e78-3bc5449143ab" name="TestPostTaskLink" storage="d:\aspose\swagger\swagger-codegen-2.0.17\aspose\csharp\taskstest\bin\debug\taskstest.dll" type="Microsoft.VisualStudio.TestTools.TestTypes.Unit.UnitTestElement, Microsoft.VisualStudio.QualityTools.Tips.UnitTest.ObjectModel, Version=10.0.0.0, Culture=neutral, PublicKeyToken=b03f5f7f11d50a3a" />
        <TestLink id="abc8fa00-1521-5e6c-ffd8-1312b4ab860b" name="TestPostProjectAssignment" storage="d:\aspose\swagger\swagger-codegen-2.0.17\aspose\csharp\taskstest\bin\debug\taskstest.dll" type="Microsoft.VisualStudio.TestTools.TestTypes.Unit.UnitTestElement, Microsoft.VisualStudio.QualityTools.Tips.UnitTest.ObjectModel, Version=10.0.0.0, Culture=neutral, PublicKeyToken=b03f5f7f11d50a3a" />
        <TestLink id="c179adb3-7d2a-a926-2786-4cd2b67bc4ee" name="TestPostProjectResource" storage="d:\aspose\swagger\swagger-codegen-2.0.17\aspose\csharp\taskstest\bin\debug\taskstest.dll" type="Microsoft.VisualStudio.TestTools.TestTypes.Unit.UnitTestElement, Microsoft.VisualStudio.QualityTools.Tips.UnitTest.ObjectModel, Version=10.0.0.0, Culture=neutral, PublicKeyToken=b03f5f7f11d50a3a" />
        <TestLink id="01af0169-0dae-a48a-8d48-4a15ecd0efc1" name="TestPostCalendarExceptions" storage="d:\aspose\swagger\swagger-codegen-2.0.17\aspose\csharp\taskstest\bin\debug\taskstest.dll" type="Microsoft.VisualStudio.TestTools.TestTypes.Unit.UnitTestElement, Microsoft.VisualStudio.QualityTools.Tips.UnitTest.ObjectModel, Version=10.0.0.0, Culture=neutral, PublicKeyToken=b03f5f7f11d50a3a" />
        <TestLink id="6058902e-ec94-994d-ff97-560a3d5631ff" name="TestPostProjectCalendar" storage="d:\aspose\swagger\swagger-codegen-2.0.17\aspose\csharp\taskstest\bin\debug\taskstest.dll" type="Microsoft.VisualStudio.TestTools.TestTypes.Unit.UnitTestElement, Microsoft.VisualStudio.QualityTools.Tips.UnitTest.ObjectModel, Version=10.0.0.0, Culture=neutral, PublicKeyToken=b03f5f7f11d50a3a" />
        <TestLink id="d871f05a-6f6e-84ff-69fa-59498f18d26e" name="TestPostProjectTask" storage="d:\aspose\swagger\swagger-codegen-2.0.17\aspose\csharp\taskstest\bin\debug\taskstest.dll" type="Microsoft.VisualStudio.TestTools.TestTypes.Unit.UnitTestElement, Microsoft.VisualStudio.QualityTools.Tips.UnitTest.ObjectModel, Version=10.0.0.0, Culture=neutral, PublicKeyToken=b03f5f7f11d50a3a" />
        <TestLink id="3ed393a9-737b-e198-6e89-008058901b74" name="TestPostDocumentProperty" storage="d:\aspose\swagger\swagger-codegen-2.0.17\aspose\csharp\taskstest\bin\debug\taskstest.dll" type="Microsoft.VisualStudio.TestTools.TestTypes.Unit.UnitTestElement, Microsoft.VisualStudio.QualityTools.Tips.UnitTest.ObjectModel, Version=10.0.0.0, Culture=neutral, PublicKeyToken=b03f5f7f11d50a3a" />
      </TestLinks>
    </TestList>
    <TestList name="Lists of Results" id="8c43106b-9dc1-4907-a29f-aa66a61bf5b6" />
  </TestLists>
  <TestEntries>
    <TestEntry testId="c179adb3-7d2a-a926-2786-4cd2b67bc4ee" executionId="402abb44-bdad-44e7-be49-76efea116229" testListId="1a66bbc8-0f4a-40aa-ab44-2d02ee3c4f9a" />
    <TestEntry testId="3ed393a9-737b-e198-6e89-008058901b74" executionId="651b367b-bfc1-44a1-bc41-153025376203" testListId="1a66bbc8-0f4a-40aa-ab44-2d02ee3c4f9a" />
    <TestEntry testId="d871f05a-6f6e-84ff-69fa-59498f18d26e" executionId="d516e0dd-28ca-4f7b-b869-c4b1a2094fab" testListId="1a66bbc8-0f4a-40aa-ab44-2d02ee3c4f9a" />
    <TestEntry testId="01af0169-0dae-a48a-8d48-4a15ecd0efc1" executionId="b1974500-6e4e-4ac4-a6c6-05fa881710f6" testListId="1a66bbc8-0f4a-40aa-ab44-2d02ee3c4f9a" />
    <TestEntry testId="abc8fa00-1521-5e6c-ffd8-1312b4ab860b" executionId="aba338e0-9bb0-4237-9587-ba825a0ede96" testListId="1a66bbc8-0f4a-40aa-ab44-2d02ee3c4f9a" />
    <TestEntry testId="411e9f38-35a8-21d9-3e78-3bc5449143ab" executionId="a5284792-b9ad-4396-a44f-cd5619e1e4c2" testListId="1a66bbc8-0f4a-40aa-ab44-2d02ee3c4f9a" />
    <TestEntry testId="6058902e-ec94-994d-ff97-560a3d5631ff" executionId="4385e3ba-688f-48de-8f00-a55295560be2" testListId="1a66bbc8-0f4a-40aa-ab44-2d02ee3c4f9a" />
    <TestEntry testId="a23622b7-95d6-9429-ba13-3f75ab9157f5" executionId="ea95c03f-0113-4f50-8b18-fc9ed71fc6a1" testListId="4b578a99-7c04-45cd-bbe5-8b22fa91976d" />
    <TestEntry testId="bf5343c4-94dc-1fe3-3327-62f399716eee" executionId="156a2998-d315-4991-b7ed-7acd31a001ff" testListId="4b578a99-7c04-45cd-bbe5-8b22fa91976d" />
    <TestEntry testId="0140c217-602c-404b-f720-f37c083b07f0" executionId="a793209f-aa59-4127-8caf-b145b70a7c5e" testListId="4b578a99-7c04-45cd-bbe5-8b22fa91976d" />
    <TestEntry testId="039edad1-3c93-bfa9-b78b-c99d801acdc1" executionId="81b43396-2a7c-4c47-ad91-b90c46866908" testListId="4b578a99-7c04-45cd-bbe5-8b22fa91976d" />
    <TestEntry testId="45b0cbd8-7150-df08-7883-e42d6cd4a2e7" executionId="f141875b-c962-4a5f-8e92-aeb30e4c24b7" testListId="4b578a99-7c04-45cd-bbe5-8b22fa91976d" />
    <TestEntry testId="62dabbc7-c145-7759-5ce0-b0ce779ea20b" executionId="7c367a31-7449-483c-9637-7709bd2a630e" testListId="4b578a99-7c04-45cd-bbe5-8b22fa91976d" />
    <TestEntry testId="5e8d6441-ea99-8647-6434-2cdfce4deb95" executionId="7ea29ba7-a1aa-42a7-8427-cfde4a724623" testListId="4b578a99-7c04-45cd-bbe5-8b22fa91976d" />
    <TestEntry testId="ca55cc63-e266-e770-6f66-7aa2e98585ad" executionId="5a2bd3f2-ccd0-4133-becc-6e77518f8525" testListId="4b578a99-7c04-45cd-bbe5-8b22fa91976d" />
    <TestEntry testId="2003ea5e-d9d2-1489-0839-1f0fa68a7dc0" executionId="d464c9b5-847a-4987-98fb-9c765355ea46" testListId="7d7a5b77-3197-4fbd-bce0-d274b520a012" />
    <TestEntry testId="f5f2dd5a-3482-de21-3b6a-f66f5988a505" executionId="d9910ecd-fb24-4ace-a338-ef720d45f5f5" testListId="7d7a5b77-3197-4fbd-bce0-d274b520a012" />
    <TestEntry testId="2aff4414-9426-866f-7505-e1f90565ae3a" executionId="d7e3150d-525f-4794-8e6a-e44fd7193b5f" testListId="7d7a5b77-3197-4fbd-bce0-d274b520a012" />
    <TestEntry testId="17cbb7bc-1558-ac02-4cef-e556d773f25c" executionId="baec72e1-823d-4809-8535-ba7a680b872b" testListId="7d7a5b77-3197-4fbd-bce0-d274b520a012" />
    <TestEntry testId="fd1a00b0-0239-b155-a15c-4acde973db8b" executionId="c8992dea-c200-4e79-9eca-391d089eea12" testListId="7d7a5b77-3197-4fbd-bce0-d274b520a012" />
    <TestEntry testId="5d3bc691-726e-a1ff-9d5f-2ef5f29aa64a" executionId="a3d47286-98c0-444d-b38a-3f930db470b5" testListId="7d7a5b77-3197-4fbd-bce0-d274b520a012" />
    <TestEntry testId="e49f3b78-efd4-6f23-5072-88363128f704" executionId="e7ed4268-7e0d-4801-88bc-3e607e5fd566" testListId="7d7a5b77-3197-4fbd-bce0-d274b520a012" />
    <TestEntry testId="f3718897-d8be-32b0-d4f3-b4f5574ef150" executionId="4c098d13-9c58-425f-8919-cc2f355e73bc" testListId="7d7a5b77-3197-4fbd-bce0-d274b520a012" />
    <TestEntry testId="0b4b46f6-273c-e14f-0369-fda3c17aca30" executionId="54540762-d374-4cbd-ba3a-d30e6dfa8771" testListId="7d7a5b77-3197-4fbd-bce0-d274b520a012" />
    <TestEntry testId="7e7f6f6e-f10b-6b2c-f69d-371ceb024a84" executionId="3777e6ef-8fc0-4020-862b-fa0a78c13f9f" testListId="7d7a5b77-3197-4fbd-bce0-d274b520a012" />
    <TestEntry testId="6c985809-4a24-78e1-4a61-efffb1040fa2" executionId="71b92def-ccfe-4980-86ee-7d951f670ffe" testListId="7d7a5b77-3197-4fbd-bce0-d274b520a012" />
    <TestEntry testId="e38fcfd1-6dd6-2aa1-4be2-9084d599cb7a" executionId="3705def9-289c-463d-b2c9-9fcb0d2b90cf" testListId="7d7a5b77-3197-4fbd-bce0-d274b520a012" />
    <TestEntry testId="c9acc799-ecd5-b90a-551b-4e06e875f6f4" executionId="f647786b-ef4d-47e3-aa8e-cbcff8d5a728" testListId="7d7a5b77-3197-4fbd-bce0-d274b520a012" />
    <TestEntry testId="7fa7562c-6eaf-c139-263b-f4cdac6a7a6e" executionId="10a5f496-5b89-4519-8d5e-a57b164590f0" testListId="7d7a5b77-3197-4fbd-bce0-d274b520a012" />
    <TestEntry testId="52f4c365-a4f1-4cb5-c09a-0202fdc31000" executionId="c2c8363f-20c1-4d87-8658-870f800ec24c" testListId="7d7a5b77-3197-4fbd-bce0-d274b520a012" />
    <TestEntry testId="dd1bc063-939b-bf15-46b4-d89de2c0f4fc" executionId="199ed3f1-4a2a-4701-b637-e09b810d06cc" testListId="7d7a5b77-3197-4fbd-bce0-d274b520a012" />
    <TestEntry testId="26b08786-691c-4a01-ac35-d7a3236e043f" executionId="99678669-3157-4073-9295-63c0b8bd92f8" testListId="7d7a5b77-3197-4fbd-bce0-d274b520a012" />
    <TestEntry testId="655a3c6b-a2dc-6847-0800-bf161f7ee1be" executionId="934adf74-b0ce-4ce7-819d-bd64c64cf267" testListId="7d7a5b77-3197-4fbd-bce0-d274b520a012" />
    <TestEntry testId="4b444b04-a176-4f7c-acb0-bae7f625cc44" executionId="db1eac7b-33e2-4d70-9397-4c942ce9da4d" testListId="7d7a5b77-3197-4fbd-bce0-d274b520a012" />
    <TestEntry testId="d76b4a2f-bef5-bfc9-2de5-797168c16b5e" executionId="d04185cf-9bae-40e4-b84e-ba8cd2618a17" testListId="7d7a5b77-3197-4fbd-bce0-d274b520a012" />
    <TestEntry testId="201d4959-a5df-a3e5-23fa-72fdc5162e83" executionId="b1be3036-ddf8-42c1-abca-9432ff5c7b61" testListId="7d7a5b77-3197-4fbd-bce0-d274b520a012" />
    <TestEntry testId="6c8a59a8-2ffe-e8c8-a3ec-7bbb6d4ea7b9" executionId="d90bae06-5659-4ccf-aa23-7a30b3ccb5e9" testListId="7d7a5b77-3197-4fbd-bce0-d274b520a012" />
    <TestEntry testId="a9087dc2-0995-18b4-70d7-712fa8a8b4fc" executionId="168dfab2-cdd3-4229-96e8-a6f6e261e54d" testListId="7d7a5b77-3197-4fbd-bce0-d274b520a012" />
    <TestEntry testId="dd0d4818-0761-66e2-d6b8-f02821f04dba" executionId="fbd2541b-d5ce-4bae-a7c1-6e64eedc49af" testListId="7d7a5b77-3197-4fbd-bce0-d274b520a012" />
    <TestEntry testId="747b005f-92df-0491-2170-7c7f97af650f" executionId="1fdba401-52cf-4575-a1d1-95ba9287d8a4" testListId="7d7a5b77-3197-4fbd-bce0-d274b520a012" />
    <TestEntry testId="3c374e44-fe36-a8b4-17c3-ca189927f050" executionId="02a7d836-1566-4841-8261-31d39c6d0d3b" testListId="97e48c0f-bcea-4156-8837-04cf9cd419b8" />
    <TestEntry testId="1f08514c-c69a-0a6b-be71-d5c104bd10f1" executionId="166137f7-63bf-4465-80e3-a670fbfbaf72" testListId="97e48c0f-bcea-4156-8837-04cf9cd419b8" />
    <TestEntry testId="9a17fdbd-3437-39ac-72fb-073b1824a558" executionId="18136710-d979-4ace-8f2b-9adcedd38d26" testListId="97e48c0f-bcea-4156-8837-04cf9cd419b8" />
    <TestEntry testId="2404b8f7-f9cd-08be-f683-9c0435abf41f" executionId="307b100f-25f2-475b-9f15-8ba3909c24c2" testListId="97e48c0f-bcea-4156-8837-04cf9cd419b8" />
    <TestEntry testId="02453862-b617-da08-c51f-30987490b512" executionId="13814374-3af9-46d6-bdac-4873e74b8dfe" testListId="97e48c0f-bcea-4156-8837-04cf9cd419b8" />
    <TestEntry testId="fccb71ec-e717-51f0-8631-bc892a87c54e" executionId="27797663-4813-47d1-8d00-b7a95914692c" testListId="97e48c0f-bcea-4156-8837-04cf9cd419b8" />
    <TestEntry testId="4dbd842a-c49e-4cf6-1697-fbdfda2a37c8" executionId="e8bf6428-3534-49e1-8c43-3da4759a0884" testListId="97e48c0f-bcea-4156-8837-04cf9cd419b8" />
    <TestEntry testId="ab87a938-3931-f95a-5874-58fca97bb672" executionId="ccc53ae2-b6b1-49cc-8710-522cc0f66642" testListId="97e48c0f-bcea-4156-8837-04cf9cd419b8" />
    <TestEntry testId="52cc6419-bbf8-3be9-2d42-e8019eb3f149" executionId="5d6a1b3b-f384-4303-9678-12f4a70937fa" testListId="97e48c0f-bcea-4156-8837-04cf9cd419b8" />
    <TestEntry testId="10e6c355-3dc0-f4bd-f7e2-34f7a88f039c" executionId="58c79af7-4893-4d0b-be5e-8efb675337f0" testListId="97e48c0f-bcea-4156-8837-04cf9cd419b8" />
    <TestEntry testId="365d6d6c-2b6f-7061-af72-a310480d0f7d" executionId="92f37ffc-e223-47cc-b2e2-477d37624d28" testListId="97e48c0f-bcea-4156-8837-04cf9cd419b8" />
  </TestEntries>
  <Results>
    <UnitTestResult executionId="402abb44-bdad-44e7-be49-76efea116229" testId="c179adb3-7d2a-a926-2786-4cd2b67bc4ee" testName="TestPostProjectResource" computerName="IMRAN_430" duration="00:00:06.6150989" startTime="2016-02-18T17:08:43.7478513+05:00" endTime="2016-02-18T17:08:50.5485889+05:00" testType="13cdc9d9-ddb5-4fa4-a97d-d965ccfc6d4b" outcome="Passed" testListId="1a66bbc8-0f4a-40aa-ab44-2d02ee3c4f9a" relativeResultsDirectory="402abb44-bdad-44e7-be49-76efea116229">
    </UnitTestResult>
    <UnitTestResult executionId="651b367b-bfc1-44a1-bc41-153025376203" testId="3ed393a9-737b-e198-6e89-008058901b74" testName="TestPostDocumentProperty" computerName="IMRAN_430" duration="00:00:05.1908040" startTime="2016-02-18T17:08:50.5485889+05:00" endTime="2016-02-18T17:08:55.7427049+05:00" testType="13cdc9d9-ddb5-4fa4-a97d-d965ccfc6d4b" outcome="Passed" testListId="1a66bbc8-0f4a-40aa-ab44-2d02ee3c4f9a" relativeResultsDirectory="651b367b-bfc1-44a1-bc41-153025376203">
    </UnitTestResult>
    <UnitTestResult executionId="d516e0dd-28ca-4f7b-b869-c4b1a2094fab" testId="d871f05a-6f6e-84ff-69fa-59498f18d26e" testName="TestPostProjectTask" computerName="IMRAN_430" duration="00:00:05.0444423" startTime="2016-02-18T17:08:55.7457078+05:00" endTime="2016-02-18T17:09:00.7962559+05:00" testType="13cdc9d9-ddb5-4fa4-a97d-d965ccfc6d4b" outcome="Passed" testListId="1a66bbc8-0f4a-40aa-ab44-2d02ee3c4f9a" relativeResultsDirectory="d516e0dd-28ca-4f7b-b869-c4b1a2094fab">
    </UnitTestResult>
    <UnitTestResult executionId="b1974500-6e4e-4ac4-a6c6-05fa881710f6" testId="01af0169-0dae-a48a-8d48-4a15ecd0efc1" testName="TestPostCalendarExceptions" computerName="IMRAN_430" duration="00:00:04.8923698" startTime="2016-02-18T17:09:00.7972574+05:00" endTime="2016-02-18T17:09:05.6931031+05:00" testType="13cdc9d9-ddb5-4fa4-a97d-d965ccfc6d4b" outcome="Passed" testListId="1a66bbc8-0f4a-40aa-ab44-2d02ee3c4f9a" relativeResultsDirectory="b1974500-6e4e-4ac4-a6c6-05fa881710f6">
    </UnitTestResult>
    <UnitTestResult executionId="aba338e0-9bb0-4237-9587-ba825a0ede96" testId="abc8fa00-1521-5e6c-ffd8-1312b4ab860b" testName="TestPostProjectAssignment" computerName="IMRAN_430" duration="00:00:05.1189631" startTime="2016-02-18T17:09:05.6941038+05:00" endTime="2016-02-18T17:09:10.8167370+05:00" testType="13cdc9d9-ddb5-4fa4-a97d-d965ccfc6d4b" outcome="Passed" testListId="1a66bbc8-0f4a-40aa-ab44-2d02ee3c4f9a" relativeResultsDirectory="aba338e0-9bb0-4237-9587-ba825a0ede96">
    </UnitTestResult>
    <UnitTestResult executionId="a5284792-b9ad-4396-a44f-cd5619e1e4c2" testId="411e9f38-35a8-21d9-3e78-3bc5449143ab" testName="TestPostTaskLink" computerName="IMRAN_430" duration="00:00:05.9084150" startTime="2016-02-18T17:09:10.8177365+05:00" endTime="2016-02-18T17:09:16.7288040+05:00" testType="13cdc9d9-ddb5-4fa4-a97d-d965ccfc6d4b" outcome="Passed" testListId="1a66bbc8-0f4a-40aa-ab44-2d02ee3c4f9a" relativeResultsDirectory="a5284792-b9ad-4396-a44f-cd5619e1e4c2">
    </UnitTestResult>
    <UnitTestResult executionId="4385e3ba-688f-48de-8f00-a55295560be2" testId="6058902e-ec94-994d-ff97-560a3d5631ff" testName="TestPostProjectCalendar" computerName="IMRAN_430" duration="00:00:05.2484624" startTime="2016-02-18T17:09:16.7317769+05:00" endTime="2016-02-18T17:09:21.9879824+05:00" testType="13cdc9d9-ddb5-4fa4-a97d-d965ccfc6d4b" outcome="Passed" testListId="1a66bbc8-0f4a-40aa-ab44-2d02ee3c4f9a" relativeResultsDirectory="4385e3ba-688f-48de-8f00-a55295560be2">
    </UnitTestResult>
    <UnitTestResult executionId="ea95c03f-0113-4f50-8b18-fc9ed71fc6a1" testId="a23622b7-95d6-9429-ba13-3f75ab9157f5" testName="TestDeleteExtendedAttributeByIndex" computerName="IMRAN_430" duration="00:00:05.2796323" startTime="2016-02-18T17:09:21.9899633+05:00" endTime="2016-02-18T17:09:27.2743900+05:00" testType="13cdc9d9-ddb5-4fa4-a97d-d965ccfc6d4b" outcome="Passed" testListId="4b578a99-7c04-45cd-bbe5-8b22fa91976d" relativeResultsDirectory="ea95c03f-0113-4f50-8b18-fc9ed71fc6a1">
    </UnitTestResult>
    <UnitTestResult executionId="156a2998-d315-4991-b7ed-7acd31a001ff" testId="bf5343c4-94dc-1fe3-3327-62f399716eee" testName="TestDeleteProjectCalendar" computerName="IMRAN_430" duration="00:00:05.2170292" startTime="2016-02-18T17:09:27.2774000+05:00" endTime="2016-02-18T17:09:32.5031537+05:00" testType="13cdc9d9-ddb5-4fa4-a97d-d965ccfc6d4b" outcome="Passed" testListId="4b578a99-7c04-45cd-bbe5-8b22fa91976d" relativeResultsDirectory="156a2998-d315-4991-b7ed-7acd31a001ff">
    </UnitTestResult>
    <UnitTestResult executionId="a793209f-aa59-4127-8caf-b145b70a7c5e" testId="0140c217-602c-404b-f720-f37c083b07f0" testName="TestDeleteOutlineCodeByIndex" computerName="IMRAN_430" duration="00:00:05.4449990" startTime="2016-02-18T17:09:32.5056268+05:00" endTime="2016-02-18T17:09:37.9586608+05:00" testType="13cdc9d9-ddb5-4fa4-a97d-d965ccfc6d4b" outcome="Passed" testListId="4b578a99-7c04-45cd-bbe5-8b22fa91976d" relativeResultsDirectory="a793209f-aa59-4127-8caf-b145b70a7c5e">
    </UnitTestResult>
    <UnitTestResult executionId="81b43396-2a7c-4c47-ad91-b90c46866908" testId="039edad1-3c93-bfa9-b78b-c99d801acdc1" testName="TestDeleteTaskLink" computerName="IMRAN_430" duration="00:00:04.8472701" startTime="2016-02-18T17:09:37.9606614+05:00" endTime="2016-02-18T17:09:42.8177247+05:00" testType="13cdc9d9-ddb5-4fa4-a97d-d965ccfc6d4b" outcome="Passed" testListId="4b578a99-7c04-45cd-bbe5-8b22fa91976d" relativeResultsDirectory="81b43396-2a7c-4c47-ad91-b90c46866908">
    </UnitTestResult>
    <UnitTestResult executionId="f141875b-c962-4a5f-8e92-aeb30e4c24b7" testId="45b0cbd8-7150-df08-7883-e42d6cd4a2e7" testName="TestDeleteProjectResource" computerName="IMRAN_430" duration="00:00:04.6546285" startTime="2016-02-18T17:09:42.8196973+05:00" endTime="2016-02-18T17:09:47.4814595+05:00" testType="13cdc9d9-ddb5-4fa4-a97d-d965ccfc6d4b" outcome="Passed" testListId="4b578a99-7c04-45cd-bbe5-8b22fa91976d" relativeResultsDirectory="f141875b-c962-4a5f-8e92-aeb30e4c24b7">
    </UnitTestResult>
    <UnitTestResult executionId="7c367a31-7449-483c-9637-7709bd2a630e" testId="62dabbc7-c145-7759-5ce0-b0ce779ea20b" testName="TestDeleteProjectAssignment" computerName="IMRAN_430" duration="00:00:04.3367092" startTime="2016-02-18T17:09:47.4844624+05:00" endTime="2016-02-18T17:09:51.8281830+05:00" testType="13cdc9d9-ddb5-4fa4-a97d-d965ccfc6d4b" outcome="Passed" testListId="4b578a99-7c04-45cd-bbe5-8b22fa91976d" relativeResultsDirectory="7c367a31-7449-483c-9637-7709bd2a630e">
    </UnitTestResult>
    <UnitTestResult executionId="7ea29ba7-a1aa-42a7-8427-cfde4a724623" testId="5e8d6441-ea99-8647-6434-2cdfce4deb95" testName="TestDeleteCalendarException" computerName="IMRAN_430" duration="00:00:04.8096768" startTime="2016-02-18T17:09:51.8311847+05:00" endTime="2016-02-18T17:09:56.6483145+05:00" testType="13cdc9d9-ddb5-4fa4-a97d-d965ccfc6d4b" outcome="Passed" testListId="4b578a99-7c04-45cd-bbe5-8b22fa91976d" relativeResultsDirectory="7ea29ba7-a1aa-42a7-8427-cfde4a724623">
    </UnitTestResult>
    <UnitTestResult executionId="5a2bd3f2-ccd0-4133-becc-6e77518f8525" testId="ca55cc63-e266-e770-6f66-7aa2e98585ad" testName="TestDeleteProjectTask" computerName="IMRAN_430" duration="00:00:04.7368396" startTime="2016-02-18T17:09:56.6513162+05:00" endTime="2016-02-18T17:10:01.3954726+05:00" testType="13cdc9d9-ddb5-4fa4-a97d-d965ccfc6d4b" outcome="Passed" testListId="4b578a99-7c04-45cd-bbe5-8b22fa91976d" relativeResultsDirectory="5a2bd3f2-ccd0-4133-becc-6e77518f8525">
    </UnitTestResult>
    <UnitTestResult executionId="d464c9b5-847a-4987-98fb-9c765355ea46" testId="2003ea5e-d9d2-1489-0839-1f0fa68a7dc0" testName="TestGetProjectCalendar" computerName="IMRAN_430" duration="00:00:04.3513661" startTime="2016-02-18T17:10:01.3984739+05:00" endTime="2016-02-18T17:10:05.7575935+05:00" testType="13cdc9d9-ddb5-4fa4-a97d-d965ccfc6d4b" outcome="Passed" testListId="7d7a5b77-3197-4fbd-bce0-d274b520a012" relativeResultsDirectory="d464c9b5-847a-4987-98fb-9c765355ea46">
    </UnitTestResult>
    <UnitTestResult executionId="d9910ecd-fb24-4ace-a338-ef720d45f5f5" testId="f5f2dd5a-3482-de21-3b6a-f66f5988a505" testName="TestGetTaskDocument" computerName="IMRAN_430" duration="00:00:04.3525887" startTime="2016-02-18T17:10:05.7585753+05:00" endTime="2016-02-18T17:10:10.1166258+05:00" testType="13cdc9d9-ddb5-4fa4-a97d-d965ccfc6d4b" outcome="Passed" testListId="7d7a5b77-3197-4fbd-bce0-d274b520a012" relativeResultsDirectory="d9910ecd-fb24-4ace-a338-ef720d45f5f5">
    </UnitTestResult>
    <UnitTestResult executionId="d7e3150d-525f-4794-8e6a-e44fd7193b5f" testId="2aff4414-9426-866f-7505-e1f90565ae3a" testName="TestGetCalendarExceptions" computerName="IMRAN_430" duration="00:00:04.4083704" startTime="2016-02-18T17:10:10.1186221+05:00" endTime="2016-02-18T17:10:14.5349876+05:00" testType="13cdc9d9-ddb5-4fa4-a97d-d965ccfc6d4b" outcome="Passed" testListId="7d7a5b77-3197-4fbd-bce0-d274b520a012" relativeResultsDirectory="d7e3150d-525f-4794-8e6a-e44fd7193b5f">
    </UnitTestResult>
    <UnitTestResult executionId="baec72e1-823d-4809-8535-ba7a680b872b" testId="17cbb7bc-1558-ac02-4cef-e556d773f25c" testName="TestGetProjectTasks" computerName="IMRAN_430" duration="00:00:04.3086433" startTime="2016-02-18T17:10:14.5369811+05:00" endTime="2016-02-18T17:10:18.8496908+05:00" testType="13cdc9d9-ddb5-4fa4-a97d-d965ccfc6d4b" outcome="Passed" testListId="7d7a5b77-3197-4fbd-bce0-d274b520a012" relativeResultsDirectory="baec72e1-823d-4809-8535-ba7a680b872b">
    </UnitTestResult>
    <UnitTestResult executionId="c8992dea-c200-4e79-9eca-391d089eea12" testId="fd1a00b0-0239-b155-a15c-4acde973db8b" testName="TestGetProjectTask" computerName="IMRAN_430" duration="00:00:05.0104961" startTime="2016-02-18T17:10:18.8506915+05:00" endTime="2016-02-18T17:10:23.8642261+05:00" testType="13cdc9d9-ddb5-4fa4-a97d-d965ccfc6d4b" outcome="Passed" testListId="7d7a5b77-3197-4fbd-bce0-d274b520a012" relativeResultsDirectory="c8992dea-c200-4e79-9eca-391d089eea12">
    </UnitTestResult>
    <UnitTestResult executionId="a3d47286-98c0-444d-b38a-3f930db470b5" testId="5d3bc691-726e-a1ff-9d5f-2ef5f29aa64a" testName="TestGetExtendedAttributeByIndex" computerName="IMRAN_430" duration="00:00:04.2781745" startTime="2016-02-18T17:10:23.8652102+05:00" endTime="2016-02-18T17:10:28.1460332+05:00" testType="13cdc9d9-ddb5-4fa4-a97d-d965ccfc6d4b" outcome="Passed" testListId="7d7a5b77-3197-4fbd-bce0-d274b520a012" relativeResultsDirectory="a3d47286-98c0-444d-b38a-3f930db470b5">
    </UnitTestResult>
    <UnitTestResult executionId="e7ed4268-7e0d-4801-88bc-3e607e5fd566" testId="e49f3b78-efd4-6f23-5072-88363128f704" testName="TestGetCriticalPath" computerName="IMRAN_430" duration="00:00:04.3136662" startTime="2016-02-18T17:10:28.1490286+05:00" endTime="2016-02-18T17:10:32.4696650+05:00" testType="13cdc9d9-ddb5-4fa4-a97d-d965ccfc6d4b" outcome="Passed" testListId="7d7a5b77-3197-4fbd-bce0-d274b520a012" relativeResultsDirectory="e7ed4268-7e0d-4801-88bc-3e607e5fd566">
    </UnitTestResult>
    <UnitTestResult executionId="4c098d13-9c58-425f-8919-cc2f355e73bc" testId="f3718897-d8be-32b0-d4f3-b4f5574ef150" testName="TestGetProjectAssignments" computerName="IMRAN_430" duration="00:00:04.3204149" startTime="2016-02-18T17:10:32.4716384+05:00" endTime="2016-02-18T17:10:36.7998501+05:00" testType="13cdc9d9-ddb5-4fa4-a97d-d965ccfc6d4b" outcome="Passed" testListId="7d7a5b77-3197-4fbd-bce0-d274b520a012" relativeResultsDirectory="4c098d13-9c58-425f-8919-cc2f355e73bc">
    </UnitTestResult>
    <UnitTestResult executionId="54540762-d374-4cbd-ba3a-d30e6dfa8771" testId="0b4b46f6-273c-e14f-0369-fda3c17aca30" testName="TestGetReportPdf" computerName="IMRAN_430" duration="00:00:05.4377300" startTime="2016-02-18T17:10:36.8018322+05:00" endTime="2016-02-18T17:10:42.2449854+05:00" testType="13cdc9d9-ddb5-4fa4-a97d-d965ccfc6d4b" outcome="Passed" testListId="7d7a5b77-3197-4fbd-bce0-d274b520a012" relativeResultsDirectory="54540762-d374-4cbd-ba3a-d30e6dfa8771">
    </UnitTestResult>
    <UnitTestResult executionId="3777e6ef-8fc0-4020-862b-fa0a78c13f9f" testId="7e7f6f6e-f10b-6b2c-f69d-371ceb024a84" testName="TestGetProjectWbsDefinition" computerName="IMRAN_430" duration="00:00:04.2604168" startTime="2016-02-18T17:10:42.2469592+05:00" endTime="2016-02-18T17:10:46.5147852+05:00" testType="13cdc9d9-ddb5-4fa4-a97d-d965ccfc6d4b" outcome="Passed" testListId="7d7a5b77-3197-4fbd-bce0-d274b520a012" relativeResultsDirectory="3777e6ef-8fc0-4020-862b-fa0a78c13f9f">
    </UnitTestResult>
    <UnitTestResult executionId="71b92def-ccfe-4980-86ee-7d951f670ffe" testId="6c985809-4a24-78e1-4a61-efffb1040fa2" testName="TestGetProjectCalendars" computerName="IMRAN_430" duration="00:00:04.4996162" startTime="2016-02-18T17:10:46.5162572+05:00" endTime="2016-02-18T17:10:51.0203370+05:00" testType="13cdc9d9-ddb5-4fa4-a97d-d965ccfc6d4b" outcome="Passed" testListId="7d7a5b77-3197-4fbd-bce0-d274b520a012" relativeResultsDirectory="71b92def-ccfe-4980-86ee-7d951f670ffe">
    </UnitTestResult>
    <UnitTestResult executionId="3705def9-289c-463d-b2c9-9fcb0d2b90cf" testId="e38fcfd1-6dd6-2aa1-4be2-9084d599cb7a" testName="TestGetTaskAssignments" computerName="IMRAN_430" duration="00:00:04.6816946" startTime="2016-02-18T17:10:51.0233293+05:00" endTime="2016-02-18T17:10:55.7139623+05:00" testType="13cdc9d9-ddb5-4fa4-a97d-d965ccfc6d4b" outcome="Passed" testListId="7d7a5b77-3197-4fbd-bce0-d274b520a012" relativeResultsDirectory="3705def9-289c-463d-b2c9-9fcb0d2b90cf">
    </UnitTestResult>
    <UnitTestResult executionId="f647786b-ef4d-47e3-aa8e-cbcff8d5a728" testId="c9acc799-ecd5-b90a-551b-4e06e875f6f4" testName="TestGetDocumentProperties" computerName="IMRAN_430" duration="00:00:04.3341998" startTime="2016-02-18T17:10:55.7149465+05:00" endTime="2016-02-18T17:11:00.0515401+05:00" testType="13cdc9d9-ddb5-4fa4-a97d-d965ccfc6d4b" outcome="Passed" testListId="7d7a5b77-3197-4fbd-bce0-d274b520a012" relativeResultsDirectory="f647786b-ef4d-47e3-aa8e-cbcff8d5a728">
    </UnitTestResult>
    <UnitTestResult executionId="10a5f496-5b89-4519-8d5e-a57b164590f0" testId="7fa7562c-6eaf-c139-263b-f4cdac6a7a6e" testName="TestGetTaskRecurringInfo" computerName="IMRAN_430" duration="00:00:04.4036397" startTime="2016-02-18T17:11:00.0535419+05:00" endTime="2016-02-18T17:11:04.4615658+05:00" testType="13cdc9d9-ddb5-4fa4-a97d-d965ccfc6d4b" outcome="Passed" testListId="7d7a5b77-3197-4fbd-bce0-d274b520a012" relativeResultsDirectory="10a5f496-5b89-4519-8d5e-a57b164590f0">
    </UnitTestResult>
    <UnitTestResult executionId="c2c8363f-20c1-4d87-8658-870f800ec24c" testId="52f4c365-a4f1-4cb5-c09a-0202fdc31000" testName="TestGetProjectResource" computerName="IMRAN_430" duration="00:00:04.6429003" startTime="2016-02-18T17:11:04.4635672+05:00" endTime="2016-02-18T17:11:09.1136790+05:00" testType="13cdc9d9-ddb5-4fa4-a97d-d965ccfc6d4b" outcome="Passed" testListId="7d7a5b77-3197-4fbd-bce0-d274b520a012" relativeResultsDirectory="c2c8363f-20c1-4d87-8658-870f800ec24c">
    </UnitTestResult>
    <UnitTestResult executionId="199ed3f1-4a2a-4701-b637-e09b810d06cc" testId="dd1bc063-939b-bf15-46b4-d89de2c0f4fc" testName="TestGetTaskDocumentWithFormat" computerName="IMRAN_430" duration="00:00:06.9792196" startTime="2016-02-18T17:11:09.1146805+05:00" endTime="2016-02-18T17:11:16.0974190+05:00" testType="13cdc9d9-ddb5-4fa4-a97d-d965ccfc6d4b" outcome="Passed" testListId="7d7a5b77-3197-4fbd-bce0-d274b520a012" relativeResultsDirectory="199ed3f1-4a2a-4701-b637-e09b810d06cc">
    </UnitTestResult>
    <UnitTestResult executionId="99678669-3157-4073-9295-63c0b8bd92f8" testId="26b08786-691c-4a01-ac35-d7a3236e043f" testName="TestGetOutlineCodes" computerName="IMRAN_430" duration="00:00:04.3543615" startTime="2016-02-18T17:11:16.0993924+05:00" endTime="2016-02-18T17:11:20.4626107+05:00" testType="13cdc9d9-ddb5-4fa4-a97d-d965ccfc6d4b" outcome="Passed" testListId="7d7a5b77-3197-4fbd-bce0-d274b520a012" relativeResultsDirectory="99678669-3157-4073-9295-63c0b8bd92f8">
    </UnitTestResult>
    <UnitTestResult executionId="934adf74-b0ce-4ce7-819d-bd64c64cf267" testId="655a3c6b-a2dc-6847-0800-bf161f7ee1be" testName="TestGetProjectResources" computerName="IMRAN_430" duration="00:00:04.4454092" startTime="2016-02-18T17:11:20.4656065+05:00" endTime="2016-02-18T17:11:24.9181695+05:00" testType="13cdc9d9-ddb5-4fa4-a97d-d965ccfc6d4b" outcome="Passed" testListId="7d7a5b77-3197-4fbd-bce0-d274b520a012" relativeResultsDirectory="934adf74-b0ce-4ce7-819d-bd64c64cf267">
    </UnitTestResult>
    <UnitTestResult executionId="db1eac7b-33e2-4d70-9397-4c942ce9da4d" testId="4b444b04-a176-4f7c-acb0-bae7f625cc44" testName="TestGetRiskAnalysisReport" computerName="IMRAN_430" duration="00:00:06.2314764" startTime="2016-02-18T17:11:24.9191702+05:00" endTime="2016-02-18T17:11:31.1552211+05:00" testType="13cdc9d9-ddb5-4fa4-a97d-d965ccfc6d4b" outcome="Passed" testListId="7d7a5b77-3197-4fbd-bce0-d274b520a012" relativeResultsDirectory="db1eac7b-33e2-4d70-9397-4c942ce9da4d">
    </UnitTestResult>
    <UnitTestResult executionId="d04185cf-9bae-40e4-b84e-ba8cd2618a17" testId="d76b4a2f-bef5-bfc9-2de5-797168c16b5e" testName="TestGetResourceAssignments" computerName="IMRAN_430" duration="00:00:04.5885508" startTime="2016-02-18T17:11:31.1572229+05:00" endTime="2016-02-18T17:11:35.7544584+05:00" testType="13cdc9d9-ddb5-4fa4-a97d-d965ccfc6d4b" outcome="Passed" testListId="7d7a5b77-3197-4fbd-bce0-d274b520a012" relativeResultsDirectory="d04185cf-9bae-40e4-b84e-ba8cd2618a17">
    </UnitTestResult>
    <UnitTestResult executionId="b1be3036-ddf8-42c1-abca-9432ff5c7b61" testId="201d4959-a5df-a3e5-23fa-72fdc5162e83" testName="TestGetDocumentProperty" computerName="IMRAN_430" duration="00:00:04.4522152" startTime="2016-02-18T17:11:35.7564602+05:00" endTime="2016-02-18T17:11:40.2169151+05:00" testType="13cdc9d9-ddb5-4fa4-a97d-d965ccfc6d4b" outcome="Passed" testListId="7d7a5b77-3197-4fbd-bce0-d274b520a012" relativeResultsDirectory="b1be3036-ddf8-42c1-abca-9432ff5c7b61">
    </UnitTestResult>
    <UnitTestResult executionId="d90bae06-5659-4ccf-aa23-7a30b3ccb5e9" testId="6c8a59a8-2ffe-e8c8-a3ec-7bbb6d4ea7b9" testName="TestGetProjectAssignment" computerName="IMRAN_430" duration="00:00:04.3943744" startTime="2016-02-18T17:11:40.2198904+05:00" endTime="2016-02-18T17:11:44.6218646+05:00" testType="13cdc9d9-ddb5-4fa4-a97d-d965ccfc6d4b" outcome="Passed" testListId="7d7a5b77-3197-4fbd-bce0-d274b520a012" relativeResultsDirectory="d90bae06-5659-4ccf-aa23-7a30b3ccb5e9">
    </UnitTestResult>
    <UnitTestResult executionId="168dfab2-cdd3-4229-96e8-a6f6e261e54d" testId="a9087dc2-0995-18b4-70d7-712fa8a8b4fc" testName="TestGetExtendedAttributes" computerName="IMRAN_430" duration="00:00:04.3577635" startTime="2016-02-18T17:11:44.6238597+05:00" endTime="2016-02-18T17:11:48.9891426+05:00" testType="13cdc9d9-ddb5-4fa4-a97d-d965ccfc6d4b" outcome="Passed" testListId="7d7a5b77-3197-4fbd-bce0-d274b520a012" relativeResultsDirectory="168dfab2-cdd3-4229-96e8-a6f6e261e54d">
    </UnitTestResult>
    <UnitTestResult executionId="fbd2541b-d5ce-4bae-a7c1-6e64eedc49af" testId="dd0d4818-0761-66e2-d6b8-f02821f04dba" testName="TestGetOutlineCodeByIndex" computerName="IMRAN_430" duration="00:00:04.4582206" startTime="2016-02-18T17:11:48.9911160+05:00" endTime="2016-02-18T17:11:53.4590962+05:00" testType="13cdc9d9-ddb5-4fa4-a97d-d965ccfc6d4b" outcome="Passed" testListId="7d7a5b77-3197-4fbd-bce0-d274b520a012" relativeResultsDirectory="fbd2541b-d5ce-4bae-a7c1-6e64eedc49af">
    </UnitTestResult>
    <UnitTestResult executionId="1fdba401-52cf-4575-a1d1-95ba9287d8a4" testId="747b005f-92df-0491-2170-7c7f97af650f" testName="TestGetTaskLinks" computerName="IMRAN_430" duration="00:00:04.4133957" startTime="2016-02-18T17:11:53.4620987+05:00" endTime="2016-02-18T17:11:57.8829210+05:00" testType="13cdc9d9-ddb5-4fa4-a97d-d965ccfc6d4b" outcome="Passed" testListId="7d7a5b77-3197-4fbd-bce0-d274b520a012" relativeResultsDirectory="1fdba401-52cf-4575-a1d1-95ba9287d8a4">
    </UnitTestResult>
    <UnitTestResult executionId="02a7d836-1566-4841-8261-31d39c6d0d3b" testId="3c374e44-fe36-a8b4-17c3-ca189927f050" testName="TestPutRecalculateProjectResourceFields" computerName="IMRAN_430" duration="00:00:00.0001286" startTime="2016-02-18T17:11:57.8858943+05:00" endTime="2016-02-18T17:11:57.8889130+05:00" testType="13cdc9d9-ddb5-4fa4-a97d-d965ccfc6d4b" outcome="Passed" testListId="97e48c0f-bcea-4156-8837-04cf9cd419b8" relativeResultsDirectory="02a7d836-1566-4841-8261-31d39c6d0d3b">
    </UnitTestResult>
    <UnitTestResult executionId="166137f7-63bf-4465-80e3-a670fbfbaf72" testId="1f08514c-c69a-0a6b-be71-d5c104bd10f1" testName="TestPutProjectTask" computerName="IMRAN_430" duration="00:00:05.0871873" startTime="2016-02-18T17:11:57.8898967+05:00" endTime="2016-02-18T17:12:02.9803617+05:00" testType="13cdc9d9-ddb5-4fa4-a97d-d965ccfc6d4b" outcome="Passed" testListId="97e48c0f-bcea-4156-8837-04cf9cd419b8" relativeResultsDirectory="166137f7-63bf-4465-80e3-a670fbfbaf72">
    </UnitTestResult>
    <UnitTestResult executionId="18136710-d979-4ace-8f2b-9adcedd38d26" testId="9a17fdbd-3437-39ac-72fb-073b1824a558" testName="TestPutTaskLink" computerName="IMRAN_430" duration="00:00:04.9176215" startTime="2016-02-18T17:12:02.9833362+05:00" endTime="2016-02-18T17:12:07.9072328+05:00" testType="13cdc9d9-ddb5-4fa4-a97d-d965ccfc6d4b" outcome="Passed" testListId="97e48c0f-bcea-4156-8837-04cf9cd419b8" relativeResultsDirectory="18136710-d979-4ace-8f2b-9adcedd38d26">
    </UnitTestResult>
    <UnitTestResult executionId="307b100f-25f2-475b-9f15-8ba3909c24c2" testId="2404b8f7-f9cd-08be-f683-9c0435abf41f" testName="TestPutDocumentProperty" computerName="IMRAN_430" duration="00:00:04.8952562" startTime="2016-02-18T17:12:07.9102077+05:00" endTime="2016-02-18T17:12:12.8149634+05:00" testType="13cdc9d9-ddb5-4fa4-a97d-d965ccfc6d4b" outcome="Passed" testListId="97e48c0f-bcea-4156-8837-04cf9cd419b8" relativeResultsDirectory="307b100f-25f2-475b-9f15-8ba3909c24c2">
    </UnitTestResult>
    <UnitTestResult executionId="13814374-3af9-46d6-bdac-4873e74b8dfe" testId="02453862-b617-da08-c51f-30987490b512" testName="TestPutProjectResource" computerName="IMRAN_430" duration="00:00:05.0059426" startTime="2016-02-18T17:12:12.8169636+05:00" endTime="2016-02-18T17:12:17.8309853+05:00" testType="13cdc9d9-ddb5-4fa4-a97d-d965ccfc6d4b" outcome="Passed" testListId="97e48c0f-bcea-4156-8837-04cf9cd419b8" relativeResultsDirectory="13814374-3af9-46d6-bdac-4873e74b8dfe">
    </UnitTestResult>
    <UnitTestResult executionId="27797663-4813-47d1-8d00-b7a95914692c" testId="fccb71ec-e717-51f0-8631-bc892a87c54e" testName="TestPutRecalculateProjectUncompleteWorkToStartAfter" computerName="IMRAN_430" duration="00:00:04.9350512" startTime="2016-02-18T17:12:17.8339594+05:00" endTime="2016-02-18T17:12:22.7765422+05:00" testType="13cdc9d9-ddb5-4fa4-a97d-d965ccfc6d4b" outcome="Passed" testListId="97e48c0f-bcea-4156-8837-04cf9cd419b8" relativeResultsDirectory="27797663-4813-47d1-8d00-b7a95914692c">
    </UnitTestResult>
    <UnitTestResult executionId="e8bf6428-3534-49e1-8c43-3da4759a0884" testId="4dbd842a-c49e-4cf6-1697-fbdfda2a37c8" testName="TestPutCalendarException" computerName="IMRAN_430" duration="00:00:05.0094978" startTime="2016-02-18T17:12:22.7805371+05:00" endTime="2016-02-18T17:12:27.7965231+05:00" testType="13cdc9d9-ddb5-4fa4-a97d-d965ccfc6d4b" outcome="Passed" testListId="97e48c0f-bcea-4156-8837-04cf9cd419b8" relativeResultsDirectory="e8bf6428-3534-49e1-8c43-3da4759a0884">
    </UnitTestResult>
    <UnitTestResult executionId="ccc53ae2-b6b1-49cc-8710-522cc0f66642" testId="ab87a938-3931-f95a-5874-58fca97bb672" testName="TestPutRecalculateProjectWorkAsComplete" computerName="IMRAN_430" duration="00:00:04.7857092" startTime="2016-02-18T17:12:27.7984957+05:00" endTime="2016-02-18T17:12:32.5918711+05:00" testType="13cdc9d9-ddb5-4fa4-a97d-d965ccfc6d4b" outcome="Passed" testListId="97e48c0f-bcea-4156-8837-04cf9cd419b8" relativeResultsDirectory="ccc53ae2-b6b1-49cc-8710-522cc0f66642">
    </UnitTestResult>
    <UnitTestResult executionId="5d6a1b3b-f384-4303-9678-12f4a70937fa" testId="52cc6419-bbf8-3be9-2d42-e8019eb3f149" testName="TestPutProjectAssignment" computerName="IMRAN_430" duration="00:00:05.3064417" startTime="2016-02-18T17:12:32.5958739+05:00" endTime="2016-02-18T17:12:37.9096416+05:00" testType="13cdc9d9-ddb5-4fa4-a97d-d965ccfc6d4b" outcome="Passed" testListId="97e48c0f-bcea-4156-8837-04cf9cd419b8" relativeResultsDirectory="5d6a1b3b-f384-4303-9678-12f4a70937fa">
    </UnitTestResult>
    <UnitTestResult executionId="58c79af7-4893-4d0b-be5e-8efb675337f0" testId="10e6c355-3dc0-f4bd-f7e2-34f7a88f039c" testName="TestPutRecalculateProject" computerName="IMRAN_430" duration="00:00:04.4574733" startTime="2016-02-18T17:12:37.9136168+05:00" endTime="2016-02-18T17:12:42.3792817+05:00" testType="13cdc9d9-ddb5-4fa4-a97d-d965ccfc6d4b" outcome="Passed" testListId="97e48c0f-bcea-4156-8837-04cf9cd419b8" relativeResultsDirectory="58c79af7-4893-4d0b-be5e-8efb675337f0">
    </UnitTestResult>
    <UnitTestResult executionId="92f37ffc-e223-47cc-b2e2-477d37624d28" testId="365d6d6c-2b6f-7061-af72-a310480d0f7d" testName="TestPutMoveTask" computerName="IMRAN_430" duration="00:00:04.7549245" startTime="2016-02-18T17:12:42.3822846+05:00" endTime="2016-02-18T17:12:47.1458097+05:00" testType="13cdc9d9-ddb5-4fa4-a97d-d965ccfc6d4b" outcome="Passed" testListId="97e48c0f-bcea-4156-8837-04cf9cd419b8" relativeResultsDirectory="92f37ffc-e223-47cc-b2e2-477d37624d28">
    </UnitTestResult>
  </Results>
</TestRun>